Archive member included to satisfy reference by file (symbol)

/home/luis7/Downloads/libopencm3-examples-master/libopencm3/lib/libopencm3_stm32f4.a(fmc_common_f47.o)
                              sdram.o (sdram_timing)
/home/luis7/Downloads/libopencm3-examples-master/libopencm3/lib/libopencm3_stm32f4.a(gpio_common_all.o)
                              lcd-spi.o (gpio_set)
/home/luis7/Downloads/libopencm3-examples-master/libopencm3/lib/libopencm3_stm32f4.a(gpio_common_f0234.o)
                              sdram.o (gpio_mode_setup)
/home/luis7/Downloads/libopencm3-examples-master/libopencm3/lib/libopencm3_stm32f4.a(rcc_common_all.o)
                              sdram.o (rcc_periph_clock_enable)
/home/luis7/Downloads/libopencm3-examples-master/libopencm3/lib/libopencm3_stm32f4.a(rcc.o)
                              clock.o (rcc_clock_setup_pll)
/home/luis7/Downloads/libopencm3-examples-master/libopencm3/lib/libopencm3_stm32f4.a(spi_common_all.o)
                              lcd-spi.o (spi_enable)
/home/luis7/Downloads/libopencm3-examples-master/libopencm3/lib/libopencm3_stm32f4.a(spi_common_v1.o)
                              lcd-spi.o (spi_init_master)
/home/luis7/Downloads/libopencm3-examples-master/libopencm3/lib/libopencm3_stm32f4.a(usart_common_all.o)
                              console.o (usart_set_baudrate)
/home/luis7/Downloads/libopencm3-examples-master/libopencm3/lib/libopencm3_stm32f4.a(usart_common_f124.o)
                              /home/luis7/Downloads/libopencm3-examples-master/libopencm3/lib/libopencm3_stm32f4.a(usart_common_all.o) (usart_send)
/home/luis7/Downloads/libopencm3-examples-master/libopencm3/lib/libopencm3_stm32f4.a(vector.o)
                              (reset_handler)
/home/luis7/Downloads/libopencm3-examples-master/libopencm3/lib/libopencm3_stm32f4.a(systick.o)
                              clock.o (systick_set_reload)
/home/luis7/Downloads/libopencm3-examples-master/libopencm3/lib/libopencm3_stm32f4.a(scb.o)
                              console.o (scb_reset_system)
/home/luis7/Downloads/libopencm3-examples-master/libopencm3/lib/libopencm3_stm32f4.a(nvic.o)
                              console.o (nvic_enable_irq)
/home/luis7/Downloads/libopencm3-examples-master/libopencm3/lib/libopencm3_stm32f4.a(flash_common_all.o)
                              /home/luis7/Downloads/libopencm3-examples-master/libopencm3/lib/libopencm3_stm32f4.a(rcc.o) (flash_set_ws)
/home/luis7/Downloads/libopencm3-examples-master/libopencm3/lib/libopencm3_stm32f4.a(flash_common_idcache.o)
                              /home/luis7/Downloads/libopencm3-examples-master/libopencm3/lib/libopencm3_stm32f4.a(rcc.o) (flash_dcache_enable)
/home/luis7/Downloads/libopencm3-examples-master/libopencm3/lib/libopencm3_stm32f4.a(pwr.o)
                              /home/luis7/Downloads/libopencm3-examples-master/libopencm3/lib/libopencm3_stm32f4.a(rcc.o) (pwr_set_vos_scale)

Discarded input sections

 .group         0x0000000000000000        0xc sdram.o
 .group         0x0000000000000000        0xc sdram.o
 .group         0x0000000000000000        0xc sdram.o
 .group         0x0000000000000000        0xc sdram.o
 .group         0x0000000000000000        0xc sdram.o
 .group         0x0000000000000000        0xc sdram.o
 .group         0x0000000000000000        0xc sdram.o
 .group         0x0000000000000000        0xc sdram.o
 .group         0x0000000000000000        0xc sdram.o
 .group         0x0000000000000000        0xc sdram.o
 .group         0x0000000000000000        0xc sdram.o
 .group         0x0000000000000000        0xc sdram.o
 .group         0x0000000000000000        0xc sdram.o
 .group         0x0000000000000000        0xc sdram.o
 .group         0x0000000000000000        0xc sdram.o
 .group         0x0000000000000000        0xc sdram.o
 .text          0x0000000000000000        0x0 sdram.o
 .data          0x0000000000000000        0x0 sdram.o
 .bss           0x0000000000000000        0x0 sdram.o
 .group         0x0000000000000000        0xc clock.o
 .group         0x0000000000000000        0xc clock.o
 .group         0x0000000000000000        0xc clock.o
 .group         0x0000000000000000        0xc clock.o
 .group         0x0000000000000000        0xc clock.o
 .group         0x0000000000000000        0xc clock.o
 .group         0x0000000000000000        0xc clock.o
 .group         0x0000000000000000        0xc clock.o
 .group         0x0000000000000000        0xc clock.o
 .group         0x0000000000000000        0xc clock.o
 .group         0x0000000000000000        0xc clock.o
 .group         0x0000000000000000        0xc clock.o
 .group         0x0000000000000000        0xc clock.o
 .text          0x0000000000000000        0x0 clock.o
 .data          0x0000000000000000        0x0 clock.o
 .bss           0x0000000000000000        0x0 clock.o
 .text.mtime    0x0000000000000000        0xc clock.o
 .debug_macro   0x0000000000000000      0xa9c clock.o
 .debug_macro   0x0000000000000000       0x1c clock.o
[...]
Memory Configuration

Name             Origin             Length             Attributes
rom              0x0000000008000000 0x0000000000200000 xr
ccm              0x0000000010000000 0x0000000000010000 xrw
ram              0x0000000020000000 0x0000000000030000 xrw
*default*        0x0000000000000000 0xffffffffffffffff

Linker script and memory map

LOAD sdram.o
LOAD clock.o
LOAD console.o
LOAD lcd-spi.o
LOAD gfx.o
LOAD lcd-serial.o
LOAD /usr/lib/gcc/arm-none-eabi/9.2.1/../../../arm-none-eabi/lib/thumb/v7e-m+fp/hard/libm.a
LOAD /home/luis7/Downloads/libopencm3-examples-master/libopencm3/lib/libopencm3_stm32f4.a
START GROUP
LOAD /usr/lib/gcc/arm-none-eabi/9.2.1/../../../arm-none-eabi/lib/thumb/v7e-m+fp/hard/libc.a
LOAD /usr/lib/gcc/arm-none-eabi/9.2.1/thumb/v7e-m+fp/hard/libgcc.a
LOAD /usr/lib/gcc/arm-none-eabi/9.2.1/../../../arm-none-eabi/lib/thumb/v7e-m+fp/hard/libnosys.a
END GROUP
START GROUP
LOAD /usr/lib/gcc/arm-none-eabi/9.2.1/thumb/v7e-m+fp/hard/libgcc.a
LOAD /usr/lib/gcc/arm-none-eabi/9.2.1/../../../arm-none-eabi/lib/thumb/v7e-m+fp/hard/libg.a
LOAD /usr/lib/gcc/arm-none-eabi/9.2.1/../../../arm-none-eabi/lib/thumb/v7e-m+fp/hard/libc.a
END GROUP

.text           0x0000000008000000     0x1b28
 *(.vectors)
 .vectors       0x0000000008000000      0x1ac /home/luis7/Downloads/libopencm3-examples-master/libopencm3/lib/libopencm3_stm32f4.a(vector.o)
                0x0000000008000000                vector_table
 *(.text*)
 .text.sdram_init
                0x00000000080001ac       0xfc sdram.o
                0x00000000080001ac                sdram_init
 .text.sys_tick_handler
                0x00000000080002a8       0x10 clock.o
                0x00000000080002a8                sys_tick_handler
 .text.msleep   0x00000000080002b8       0x14 clock.o
                0x00000000080002b8                msleep
 .text.clock_setup
                0x00000000080002cc       0x28 clock.o
                0x00000000080002cc                clock_setup
 .text.usart1_isr
                0x00000000080002f4       0x58 console.o
                0x00000000080002f4                usart1_isr
 .text.console_putc
                0x000000000800034c       0x18 console.o
                0x000000000800034c                console_putc
 .text.console_puts
                0x0000000008000364       0x1e console.o
                0x0000000008000364                console_puts
 *fill*         0x0000000008000382        0x2 
 .text.console_setup
                0x0000000008000384       0x80 console.o
                0x0000000008000384                console_setup
 .text.lcd_command
                0x0000000008000404       0x64 lcd-spi.o
 .text.print_hex
                0x0000000008000468       0x4c lcd-spi.o
 .text.lcd_draw_pixel
                0x00000000080004b4       0x14 lcd-spi.o
                0x00000000080004b4                lcd_draw_pixel
 .text.lcd_show_frame
                0x00000000080004c8       0x50 lcd-spi.o
                0x00000000080004c8                lcd_show_frame
 .text.lcd_spi_init
                0x0000000008000518      0x1b0 lcd-spi.o
                0x0000000008000518                lcd_spi_init
 .text.gfx_drawPixel
                0x00000000080006c8       0x2c gfx.o
                0x00000000080006c8                gfx_drawPixel
 .text.gfx_init
                0x00000000080006f4       0x20 gfx.o
                0x00000000080006f4                gfx_init
 .text.gfx_drawCircleHelper
                0x0000000008000714       0xd8 gfx.o
                0x0000000008000714                gfx_drawCircleHelper
 .text.gfx_drawLine
                0x00000000080007ec       0xb4 gfx.o
                0x00000000080007ec                gfx_drawLine
 .text.gfx_drawFastVLine
                0x00000000080008a0       0x16 gfx.o
                0x00000000080008a0                gfx_drawFastVLine
 .text.gfx_fillCircleHelper
                0x00000000080008b6       0xfc gfx.o
                0x00000000080008b6                gfx_fillCircleHelper
 .text.gfx_fillCircle
                0x00000000080009b2       0x30 gfx.o
                0x00000000080009b2                gfx_fillCircle
 .text.gfx_drawFastHLine
                0x00000000080009e2       0x16 gfx.o
                0x00000000080009e2                gfx_drawFastHLine
 .text.gfx_fillRect
                0x00000000080009f8       0x2a gfx.o
                0x00000000080009f8                gfx_fillRect
 *fill*         0x0000000008000a22        0x2 
 .text.gfx_fillScreen
                0x0000000008000a24       0x20 gfx.o
                0x0000000008000a24                gfx_fillScreen
 .text.gfx_drawRoundRect
                0x0000000008000a44       0xd8 gfx.o
                0x0000000008000a44                gfx_drawRoundRect
 .text.gfx_fillRoundRect
                0x0000000008000b1c       0x78 gfx.o
                0x0000000008000b1c                gfx_fillRoundRect
 .text.gfx_drawChar
                0x0000000008000b94       0xdc gfx.o
                0x0000000008000b94                gfx_drawChar
 .text.gfx_write
                0x0000000008000c70       0x70 gfx.o
                0x0000000008000c70                gfx_write
 .text.gfx_puts
                0x0000000008000ce0       0x12 gfx.o
                0x0000000008000ce0                gfx_puts
 *fill*         0x0000000008000cf2        0x2 
 .text.gfx_setCursor
                0x0000000008000cf4        0xc gfx.o
                0x0000000008000cf4                gfx_setCursor
 .text.gfx_setTextSize
                0x0000000008000d00       0x10 gfx.o
                0x0000000008000d00                gfx_setTextSize
 .text.startup.main
                0x0000000008000d10       0xf8 lcd-serial.o
                0x0000000008000d10                main
 .text.sdram_timing
                0x0000000008000e08       0x4e /home/luis7/Downloads/libopencm3-examples-master/libopencm3/lib/libopencm3_stm32f4.a(fmc_common_f47.o)
                0x0000000008000e08                sdram_timing
 *fill*         0x0000000008000e56        0x2 
 .text.sdram_command
                0x0000000008000e58       0x64 /home/luis7/Downloads/libopencm3-examples-master/libopencm3/lib/libopencm3_stm32f4.a(fmc_common_f47.o)
                0x0000000008000e58                sdram_command
 .text.gpio_set
                0x0000000008000ebc        0x4 /home/luis7/Downloads/libopencm3-examples-master/libopencm3/lib/libopencm3_stm32f4.a(gpio_common_all.o)
                0x0000000008000ebc                gpio_set
 .text.gpio_clear
                0x0000000008000ec0        0x6 /home/luis7/Downloads/libopencm3-examples-master/libopencm3/lib/libopencm3_stm32f4.a(gpio_common_all.o)
                0x0000000008000ec0                gpio_clear
 .text.gpio_mode_setup
                0x0000000008000ec6       0x40 /home/luis7/Downloads/libopencm3-examples-master/libopencm3/lib/libopencm3_stm32f4.a(gpio_common_f0234.o)
                0x0000000008000ec6                gpio_mode_setup
 .text.gpio_set_output_options
                0x0000000008000f06       0x36 /home/luis7/Downloads/libopencm3-examples-master/libopencm3/lib/libopencm3_stm32f4.a(gpio_common_f0234.o)
                0x0000000008000f06                gpio_set_output_options
 .text.gpio_set_af
                0x0000000008000f3c       0x54 /home/luis7/Downloads/libopencm3-examples-master/libopencm3/lib/libopencm3_stm32f4.a(gpio_common_f0234.o)
                0x0000000008000f3c                gpio_set_af
 .text.rcc_periph_clock_enable
                0x0000000008000f90       0x1c /home/luis7/Downloads/libopencm3-examples-master/libopencm3/lib/libopencm3_stm32f4.a(rcc_common_all.o)
                0x0000000008000f90                rcc_periph_clock_enable
 .text.rcc_is_osc_ready
                0x0000000008000fac       0x5c /home/luis7/Downloads/libopencm3-examples-master/libopencm3/lib/libopencm3_stm32f4.a(rcc.o)
                0x0000000008000fac                rcc_is_osc_ready
 .text.rcc_wait_for_osc_ready
                0x0000000008001008       0x10 /home/luis7/Downloads/libopencm3-examples-master/libopencm3/lib/libopencm3_stm32f4.a(rcc.o)
                0x0000000008001008                rcc_wait_for_osc_ready
 .text.rcc_osc_on
                0x0000000008001018       0x58 /home/luis7/Downloads/libopencm3-examples-master/libopencm3/lib/libopencm3_stm32f4.a(rcc.o)
                0x0000000008001018                rcc_osc_on
 .text.rcc_osc_off
                0x0000000008001070       0x58 /home/luis7/Downloads/libopencm3-examples-master/libopencm3/lib/libopencm3_stm32f4.a(rcc.o)
                0x0000000008001070                rcc_osc_off
 .text.rcc_set_sysclk_source
                0x00000000080010c8       0x14 /home/luis7/Downloads/libopencm3-examples-master/libopencm3/lib/libopencm3_stm32f4.a(rcc.o)
                0x00000000080010c8                rcc_set_sysclk_source
 .text.rcc_set_ppre2
                0x00000000080010dc       0x14 /home/luis7/Downloads/libopencm3-examples-master/libopencm3/lib/libopencm3_stm32f4.a(rcc.o)
                0x00000000080010dc                rcc_set_ppre2
 .text.rcc_set_ppre1
                0x00000000080010f0       0x14 /home/luis7/Downloads/libopencm3-examples-master/libopencm3/lib/libopencm3_stm32f4.a(rcc.o)
                0x00000000080010f0                rcc_set_ppre1
 .text.rcc_set_hpre
                0x0000000008001104       0x14 /home/luis7/Downloads/libopencm3-examples-master/libopencm3/lib/libopencm3_stm32f4.a(rcc.o)
                0x0000000008001104                rcc_set_hpre
 .text.rcc_set_main_pll_hsi
                0x0000000008001118       0x44 /home/luis7/Downloads/libopencm3-examples-master/libopencm3/lib/libopencm3_stm32f4.a(rcc.o)
                0x0000000008001118                rcc_set_main_pll_hsi
 .text.rcc_set_main_pll_hse
                0x000000000800115c       0x44 /home/luis7/Downloads/libopencm3-examples-master/libopencm3/lib/libopencm3_stm32f4.a(rcc.o)
                0x000000000800115c                rcc_set_main_pll_hse
 .text.rcc_clock_setup_pll
                0x00000000080011a0       0xf4 /home/luis7/Downloads/libopencm3-examples-master/libopencm3/lib/libopencm3_stm32f4.a(rcc.o)
                0x00000000080011a0                rcc_clock_setup_pll
 .text.spi_enable
                0x0000000008001294        0xa /home/luis7/Downloads/libopencm3-examples-master/libopencm3/lib/libopencm3_stm32f4.a(spi_common_all.o)
                0x0000000008001294                spi_enable
 .text.spi_xfer
                0x000000000800129e        0xe /home/luis7/Downloads/libopencm3-examples-master/libopencm3/lib/libopencm3_stm32f4.a(spi_common_all.o)
                0x000000000800129e                spi_xfer
 .text.spi_enable_ss_output
                0x00000000080012ac        0xa /home/luis7/Downloads/libopencm3-examples-master/libopencm3/lib/libopencm3_stm32f4.a(spi_common_all.o)
                0x00000000080012ac                spi_enable_ss_output
 .text.spi_init_master
                0x00000000080012b6       0x28 /home/luis7/Downloads/libopencm3-examples-master/libopencm3/lib/libopencm3_stm32f4.a(spi_common_v1.o)
                0x00000000080012b6                spi_init_master
 *fill*         0x00000000080012de        0x2 
 .text.usart_set_baudrate
                0x00000000080012e0       0x2c /home/luis7/Downloads/libopencm3-examples-master/libopencm3/lib/libopencm3_stm32f4.a(usart_common_all.o)
                0x00000000080012e0                usart_set_baudrate
 .text.usart_set_databits
                0x000000000800130c       0x12 /home/luis7/Downloads/libopencm3-examples-master/libopencm3/lib/libopencm3_stm32f4.a(usart_common_all.o)
                0x000000000800130c                usart_set_databits
 .text.usart_set_stopbits
                0x000000000800131e        0xc /home/luis7/Downloads/libopencm3-examples-master/libopencm3/lib/libopencm3_stm32f4.a(usart_common_all.o)
                0x000000000800131e                usart_set_stopbits
 .text.usart_set_parity
                0x000000000800132a        0xc /home/luis7/Downloads/libopencm3-examples-master/libopencm3/lib/libopencm3_stm32f4.a(usart_common_all.o)
                0x000000000800132a                usart_set_parity
 .text.usart_set_mode
                0x0000000008001336        0xc /home/luis7/Downloads/libopencm3-examples-master/libopencm3/lib/libopencm3_stm32f4.a(usart_common_all.o)
                0x0000000008001336                usart_set_mode
 .text.usart_set_flow_control
                0x0000000008001342        0xc /home/luis7/Downloads/libopencm3-examples-master/libopencm3/lib/libopencm3_stm32f4.a(usart_common_all.o)
                0x0000000008001342                usart_set_flow_control
 .text.usart_enable
                0x000000000800134e        0xa /home/luis7/Downloads/libopencm3-examples-master/libopencm3/lib/libopencm3_stm32f4.a(usart_common_all.o)
                0x000000000800134e                usart_enable
 .text.usart_enable_rx_interrupt
                0x0000000008001358        0xa /home/luis7/Downloads/libopencm3-examples-master/libopencm3/lib/libopencm3_stm32f4.a(usart_common_all.o)
                0x0000000008001358                usart_enable_rx_interrupt
 .text.blocking_handler
                0x0000000008001362        0x2 /home/luis7/Downloads/libopencm3-examples-master/libopencm3/lib/libopencm3_stm32f4.a(vector.o)
                0x0000000008001362                dma2_stream1_isr
                0x0000000008001362                tim8_brk_tim12_isr
                0x0000000008001362                dma1_stream7_isr
                0x0000000008001362                usart3_isr
                0x0000000008001362                tim7_isr
                0x0000000008001362                dma2d_isr
                0x0000000008001362                uart8_isr
                0x0000000008001362                dma1_stream2_isr
                0x0000000008001362                otg_hs_isr
                0x0000000008001362                blocking_handler
                0x0000000008001362                tim5_isr
                0x0000000008001362                rtc_wkup_isr
                0x0000000008001362                otg_fs_isr
                0x0000000008001362                spi1_isr
                0x0000000008001362                i2c3_er_isr
                0x0000000008001362                exti2_isr
                0x0000000008001362                spi5_isr
                0x0000000008001362                usb_fs_wkup_isr
                0x0000000008001362                tamp_stamp_isr
                0x0000000008001362                can1_rx1_isr
                0x0000000008001362                dma2_stream0_isr
                0x0000000008001362                i2c3_ev_isr
                0x0000000008001362                usage_fault_handler
                0x0000000008001362                can2_rx0_isr
                0x0000000008001362                dma1_stream6_isr
                0x0000000008001362                can2_rx1_isr
                0x0000000008001362                can1_sce_isr
                0x0000000008001362                tim1_cc_isr
                0x0000000008001362                can1_tx_isr
                0x0000000008001362                tim1_up_tim10_isr
                0x0000000008001362                sdio_isr
                0x0000000008001362                eth_isr
                0x0000000008001362                spi6_isr
                0x0000000008001362                dma2_stream5_isr
                0x0000000008001362                pvd_isr
                0x0000000008001362                can1_rx0_isr
                0x0000000008001362                rcc_isr
                0x0000000008001362                dma2_stream3_isr
                0x0000000008001362                flash_isr
                0x0000000008001362                uart4_isr
                0x0000000008001362                lcd_tft_isr
                0x0000000008001362                rtc_alarm_isr
                0x0000000008001362                exti15_10_isr
                0x0000000008001362                hash_rng_isr
                0x0000000008001362                tim1_trg_com_tim11_isr
                0x0000000008001362                hard_fault_handler
                0x0000000008001362                exti1_isr
                0x0000000008001362                i2c1_ev_isr
                0x0000000008001362                usart6_isr
                0x0000000008001362                spi2_isr
                0x0000000008001362                cryp_isr
                0x0000000008001362                nvic_wwdg_isr
                0x0000000008001362                dma1_stream1_isr
                0x0000000008001362                dma2_stream4_isr
                0x0000000008001362                exti3_isr
                0x0000000008001362                tim3_isr
                0x0000000008001362                usart2_isr
                0x0000000008001362                sai1_isr
                0x0000000008001362                fpu_isr
                0x0000000008001362                dma1_stream4_isr
                0x0000000008001362                i2c2_er_isr
                0x0000000008001362                i2c2_ev_isr
                0x0000000008001362                uart5_isr
                0x0000000008001362                dma2_stream6_isr
                0x0000000008001362                spi4_isr
                0x0000000008001362                adc_isr
                0x0000000008001362                dma2_stream7_isr
                0x0000000008001362                tim8_up_tim13_isr
                0x0000000008001362                fsmc_isr
                0x0000000008001362                exti4_isr
                0x0000000008001362                tim6_dac_isr
                0x0000000008001362                dma1_stream3_isr
                0x0000000008001362                tim8_trg_com_tim14_isr
                0x0000000008001362                mem_manage_handler
                0x0000000008001362                lcd_tft_err_isr
                0x0000000008001362                can2_tx_isr
                0x0000000008001362                exti9_5_isr
                0x0000000008001362                tim1_brk_tim9_isr
                0x0000000008001362                uart7_isr
                0x0000000008001362                can2_sce_isr
                0x0000000008001362                tim4_isr
                0x0000000008001362                otg_hs_wkup_isr
                0x0000000008001362                i2c1_er_isr
                0x0000000008001362                dma1_stream0_isr
                0x0000000008001362                tim8_cc_isr
                0x0000000008001362                dcmi_isr
                0x0000000008001362                dma2_stream2_isr
                0x0000000008001362                eth_wkup_isr
                0x0000000008001362                bus_fault_handler
                0x0000000008001362                otg_hs_ep1_out_isr
                0x0000000008001362                spi3_isr
                0x0000000008001362                dma1_stream5_isr
                0x0000000008001362                otg_hs_ep1_in_isr
                0x0000000008001362                tim2_isr
                0x0000000008001362                exti0_isr
 .text.null_handler
                0x0000000008001364        0x2 /home/luis7/Downloads/libopencm3-examples-master/libopencm3/lib/libopencm3_stm32f4.a(vector.o)
                0x0000000008001364                null_handler
                0x0000000008001364                sv_call_handler
                0x0000000008001364                pend_sv_handler
                0x0000000008001364                debug_monitor_handler
                0x0000000008001364                nmi_handler
 *fill*         0x0000000008001366        0x2 
 .text.reset_handler
                0x0000000008001368       0x98 /home/luis7/Downloads/libopencm3-examples-master/libopencm3/lib/libopencm3_stm32f4.a(vector.o)
                0x0000000008001368                reset_handler
 .text.systick_set_reload
                0x0000000008001400       0x10 /home/luis7/Downloads/libopencm3-examples-master/libopencm3/lib/libopencm3_stm32f4.a(systick.o)
                0x0000000008001400                systick_set_reload
 .text.systick_set_clocksource
                0x0000000008001410       0x18 /home/luis7/Downloads/libopencm3-examples-master/libopencm3/lib/libopencm3_stm32f4.a(systick.o)
                0x0000000008001410                systick_set_clocksource
 .text.systick_interrupt_enable
                0x0000000008001428       0x10 /home/luis7/Downloads/libopencm3-examples-master/libopencm3/lib/libopencm3_stm32f4.a(systick.o)
                0x0000000008001428                systick_interrupt_enable
 .text.systick_counter_enable
                0x0000000008001438       0x10 /home/luis7/Downloads/libopencm3-examples-master/libopencm3/lib/libopencm3_stm32f4.a(systick.o)
                0x0000000008001438                systick_counter_enable
 .text.scb_reset_system
                0x0000000008001448       0x10 /home/luis7/Downloads/libopencm3-examples-master/libopencm3/lib/libopencm3_stm32f4.a(scb.o)
                0x0000000008001448                scb_reset_system
 .text.nvic_enable_irq
                0x0000000008001458       0x1c /home/luis7/Downloads/libopencm3-examples-master/libopencm3/lib/libopencm3_stm32f4.a(nvic.o)
                0x0000000008001458                nvic_enable_irq
 .text.flash_set_ws
                0x0000000008001474       0x14 /home/luis7/Downloads/libopencm3-examples-master/libopencm3/lib/libopencm3_stm32f4.a(flash_common_all.o)
                0x0000000008001474                flash_set_ws
 .text.flash_dcache_enable
                0x0000000008001488       0x10 /home/luis7/Downloads/libopencm3-examples-master/libopencm3/lib/libopencm3_stm32f4.a(flash_common_idcache.o)
                0x0000000008001488                flash_dcache_enable
 .text.flash_dcache_disable
                0x0000000008001498       0x10 /home/luis7/Downloads/libopencm3-examples-master/libopencm3/lib/libopencm3_stm32f4.a(flash_common_idcache.o)
                0x0000000008001498                flash_dcache_disable
 .text.flash_icache_enable
                0x00000000080014a8       0x10 /home/luis7/Downloads/libopencm3-examples-master/libopencm3/lib/libopencm3_stm32f4.a(flash_common_idcache.o)
                0x00000000080014a8                flash_icache_enable
 .text.flash_icache_disable
                0x00000000080014b8       0x10 /home/luis7/Downloads/libopencm3-examples-master/libopencm3/lib/libopencm3_stm32f4.a(flash_common_idcache.o)
                0x00000000080014b8                flash_icache_disable
 .text.pwr_set_vos_scale
                0x00000000080014c8       0x18 /home/luis7/Downloads/libopencm3-examples-master/libopencm3/lib/libopencm3_stm32f4.a(pwr.o)
                0x00000000080014c8                pwr_set_vos_scale
                0x00000000080014e0                . = ALIGN (0x4)
 *(.rodata*)
 .rodata.sdram_pins
                0x00000000080014e0       0x30 sdram.o
 .rodata.print_hex.str1.1
                0x0000000008001510        0x3 lcd-spi.o
 .rodata.lcd_spi_init.str1.1
                0x0000000008001513       0x62 lcd-spi.o
 .rodata.cmd_args
                0x0000000008001575       0x3a lcd-spi.o
 *fill*         0x00000000080015af        0x1 
 .rodata.initialization
                0x00000000080015b0       0x50 lcd-spi.o
                0x00000000080015b0                initialization
 .rodata.mcm_font
                0x0000000008001600      0x480 gfx.o
 .rodata.main.str1.1
                0x0000000008001a80       0x35 lcd-serial.o
 .rodata.CSWTCH.2
                0x0000000008001ab5        0x3 /home/luis7/Downloads/libopencm3-examples-master/libopencm3/lib/libopencm3_stm32f4.a(fmc_common_f47.o)
 .rodata.rcc_hse_8mhz_3v3
                0x0000000008001ab8       0x70 /home/luis7/Downloads/libopencm3-examples-master/libopencm3/lib/libopencm3_stm32f4.a(rcc.o)
                0x0000000008001ab8                rcc_hse_8mhz_3v3
                0x0000000008001b28                . = ALIGN (0x4)

.glue_7         0x0000000008001b28        0x0
 .glue_7        0x0000000008001b28        0x0 linker stubs

.glue_7t        0x0000000008001b28        0x0
 .glue_7t       0x0000000008001b28        0x0 linker stubs

.vfp11_veneer   0x0000000008001b28        0x0
 .vfp11_veneer  0x0000000008001b28        0x0 linker stubs

.v4_bx          0x0000000008001b28        0x0
 .v4_bx         0x0000000008001b28        0x0 linker stubs

.iplt           0x0000000008001b28        0x0
 .iplt          0x0000000008001b28        0x0 sdram.o

.rel.dyn        0x0000000008001b28        0x0
 .rel.iplt      0x0000000008001b28        0x0 sdram.o

.preinit_array  0x0000000008001b28        0x0
                0x0000000008001b28                . = ALIGN (0x4)
                0x0000000008001b28                __preinit_array_start = .
 *(.preinit_array)
                0x0000000008001b28                __preinit_array_end = .

.init_array     0x0000000008001b28        0x0
                0x0000000008001b28                . = ALIGN (0x4)
                0x0000000008001b28                __init_array_start = .
 *(SORT_BY_NAME(.init_array.*))
 *(.init_array)
                0x0000000008001b28                __init_array_end = .

.fini_array     0x0000000008001b28        0x0
                0x0000000008001b28                . = ALIGN (0x4)
                0x0000000008001b28                __fini_array_start = .
 *(.fini_array)
 *(SORT_BY_NAME(.fini_array.*))
                0x0000000008001b28                __fini_array_end = .

.ARM.extab
 *(.ARM.extab*)

.ARM.exidx      0x0000000008001b28        0x0
                0x0000000008001b28                __exidx_start = .
 *(.ARM.exidx*)
                0x0000000008001b28                __exidx_end = .
                0x0000000008001b28                . = ALIGN (0x4)
                0x0000000008001b28                _etext = .

.noinit
 *(.noinit*)
                0x0000000008001b28                . = ALIGN (0x4)

.data           0x0000000020000000       0x28 load address 0x0000000008001b28
                0x0000000020000000                _data = .
 *(.data*)
 .data.timing   0x0000000020000000       0x1c sdram.o
 .data.rcc_ahb_frequency
                0x000000002000001c        0x4 /home/luis7/Downloads/libopencm3-examples-master/libopencm3/lib/libopencm3_stm32f4.a(rcc.o)
                0x000000002000001c                rcc_ahb_frequency
 .data.rcc_apb1_frequency
                0x0000000020000020        0x4 /home/luis7/Downloads/libopencm3-examples-master/libopencm3/lib/libopencm3_stm32f4.a(rcc.o)
                0x0000000020000020                rcc_apb1_frequency
 .data.rcc_apb2_frequency
                0x0000000020000024        0x4 /home/luis7/Downloads/libopencm3-examples-master/libopencm3/lib/libopencm3_stm32f4.a(rcc.o)
                0x0000000020000024                rcc_apb2_frequency
 *(.ramtext*)
                0x0000000020000028                . = ALIGN (0x4)
                0x0000000020000028                _edata = .
                0x0000000008001b28                _data_loadaddr = LOADADDR (.data)

.igot.plt       0x0000000020000028        0x0 load address 0x0000000008001b50
 .igot.plt      0x0000000020000028        0x0 sdram.o

.bss            0x0000000020000028       0xa8 load address 0x0000000008001b50
 *(.bss*)
 .bss.system_millis
                0x0000000020000028        0x4 clock.o
 .bss.recv_buf  0x000000002000002c       0x80 console.o
                0x000000002000002c                recv_buf
 .bss.recv_ndx_cur
                0x00000000200000ac        0x4 console.o
                0x00000000200000ac                recv_ndx_cur
 .bss.recv_ndx_nxt
                0x00000000200000b0        0x4 console.o
                0x00000000200000b0                recv_ndx_nxt
 .bss.cur_frame
                0x00000000200000b4        0x4 lcd-spi.o
                0x00000000200000b4                cur_frame
 .bss.display_frame
                0x00000000200000b8        0x4 lcd-spi.o
                0x00000000200000b8                display_frame
 .bss.__gfx_state
                0x00000000200000bc       0x14 gfx.o
                0x00000000200000bc                __gfx_state
 *(COMMON)
                0x00000000200000d0                . = ALIGN (0x4)
                0x00000000200000d0                _ebss = .

/DISCARD/
 *(.eh_frame)
                0x00000000200000d0                . = ALIGN (0x4)
                0x00000000200000d0                end = .
                0x0000000020030000                PROVIDE (_stack = (ORIGIN (ram) + LENGTH (ram)))
OUTPUT(lcd-serial.elf elf32-littlearm)
LOAD linker stubs

.debug_info     0x0000000000000000     0x9e49
 .debug_info    0x0000000000000000      0xa04 sdram.o
 .debug_info    0x0000000000000a04      0x357 clock.o
 .debug_info    0x0000000000000d5b      0xacd console.o
 .debug_info    0x0000000000001828      0xecf lcd-spi.o
 .debug_info    0x00000000000026f7     0x20a2 gfx.o
 .debug_info    0x0000000000004799      0xd20 lcd-serial.o
 .debug_info    0x00000000000054b9      0x209 /home/luis7/Downloads/libopencm3-examples-master/libopencm3/lib/libopencm3_stm32f4.a(fmc_common_f47.o)
 .debug_info    0x00000000000056c2      0x24e /home/luis7/Downloads/libopencm3-examples-master/libopencm3/lib/libopencm3_stm32f4.a(gpio_common_all.o)
 .debug_info    0x0000000000005910      0x20f /home/luis7/Downloads/libopencm3-examples-master/libopencm3/lib/libopencm3_stm32f4.a(gpio_common_f0234.o)
 .debug_info    0x0000000000005b1f      0xaca /home/luis7/Downloads/libopencm3-examples-master/libopencm3/lib/libopencm3_stm32f4.a(rcc_common_all.o)
 .debug_info    0x00000000000065e9     0x112b /home/luis7/Downloads/libopencm3-examples-master/libopencm3/lib/libopencm3_stm32f4.a(rcc.o)
 .debug_info    0x0000000000007714      0x996 /home/luis7/Downloads/libopencm3-examples-master/libopencm3/lib/libopencm3_stm32f4.a(spi_common_all.o)
 .debug_info    0x00000000000080aa      0x2f0 /home/luis7/Downloads/libopencm3-examples-master/libopencm3/lib/libopencm3_stm32f4.a(spi_common_v1.o)
 .debug_info    0x000000000000839a      0x71e /home/luis7/Downloads/libopencm3-examples-master/libopencm3/lib/libopencm3_stm32f4.a(usart_common_all.o)
 .debug_info    0x0000000000008ab8      0x2e6 /home/luis7/Downloads/libopencm3-examples-master/libopencm3/lib/libopencm3_stm32f4.a(vector.o)
 .debug_info    0x0000000000008d9e      0x268 /home/luis7/Downloads/libopencm3-examples-master/libopencm3/lib/libopencm3_stm32f4.a(systick.o)
 .debug_info    0x0000000000009006      0x962 /home/luis7/Downloads/libopencm3-examples-master/libopencm3/lib/libopencm3_stm32f4.a(scb.o)
 .debug_info    0x0000000000009968      0x22d /home/luis7/Downloads/libopencm3-examples-master/libopencm3/lib/libopencm3_stm32f4.a(nvic.o)
 .debug_info    0x0000000000009b95       0xf0 /home/luis7/Downloads/libopencm3-examples-master/libopencm3/lib/libopencm3_stm32f4.a(flash_common_all.o)
 .debug_info    0x0000000000009c85       0xe8 /home/luis7/Downloads/libopencm3-examples-master/libopencm3/lib/libopencm3_stm32f4.a(flash_common_idcache.o)
 .debug_info    0x0000000000009d6d       0xdc /home/luis7/Downloads/libopencm3-examples-master/libopencm3/lib/libopencm3_stm32f4.a(pwr.o)

.debug_abbrev   0x0000000000000000     0x22bd
 .debug_abbrev  0x0000000000000000      0x1a7 sdram.o
 .debug_abbrev  0x00000000000001a7      0x1a7 clock.o
 .debug_abbrev  0x000000000000034e      0x248 console.o
 .debug_abbrev  0x0000000000000596      0x3ab lcd-spi.o
 .debug_abbrev  0x0000000000000941      0x43d gfx.o
 .debug_abbrev  0x0000000000000d7e      0x20d lcd-serial.o
 .debug_abbrev  0x0000000000000f8b      0x10c /home/luis7/Downloads/libopencm3-examples-master/libopencm3/lib/libopencm3_stm32f4.a(fmc_common_f47.o)
 .debug_abbrev  0x0000000000001097      0x116 /home/luis7/Downloads/libopencm3-examples-master/libopencm3/lib/libopencm3_stm32f4.a(gpio_common_all.o)
 .debug_abbrev  0x00000000000011ad       0xbf /home/luis7/Downloads/libopencm3-examples-master/libopencm3/lib/libopencm3_stm32f4.a(gpio_common_f0234.o)
 .debug_abbrev  0x000000000000126c      0x1da /home/luis7/Downloads/libopencm3-examples-master/libopencm3/lib/libopencm3_stm32f4.a(rcc_common_all.o)
 .debug_abbrev  0x0000000000001446      0x2d1 /home/luis7/Downloads/libopencm3-examples-master/libopencm3/lib/libopencm3_stm32f4.a(rcc.o)
 .debug_abbrev  0x0000000000001717      0x203 /home/luis7/Downloads/libopencm3-examples-master/libopencm3/lib/libopencm3_stm32f4.a(spi_common_all.o)
 .debug_abbrev  0x000000000000191a      0x13e /home/luis7/Downloads/libopencm3-examples-master/libopencm3/lib/libopencm3_stm32f4.a(spi_common_v1.o)
 .debug_abbrev  0x0000000000001a58      0x182 /home/luis7/Downloads/libopencm3-examples-master/libopencm3/lib/libopencm3_stm32f4.a(usart_common_all.o)
 .debug_abbrev  0x0000000000001bda      0x15b /home/luis7/Downloads/libopencm3-examples-master/libopencm3/lib/libopencm3_stm32f4.a(vector.o)
 .debug_abbrev  0x0000000000001d35      0x155 /home/luis7/Downloads/libopencm3-examples-master/libopencm3/lib/libopencm3_stm32f4.a(systick.o)
 .debug_abbrev  0x0000000000001e8a      0x1f2 /home/luis7/Downloads/libopencm3-examples-master/libopencm3/lib/libopencm3_stm32f4.a(scb.o)
 .debug_abbrev  0x000000000000207c       0xb5 /home/luis7/Downloads/libopencm3-examples-master/libopencm3/lib/libopencm3_stm32f4.a(nvic.o)
 .debug_abbrev  0x0000000000002131       0x9a /home/luis7/Downloads/libopencm3-examples-master/libopencm3/lib/libopencm3_stm32f4.a(flash_common_all.o)
 .debug_abbrev  0x00000000000021cb       0x56 /home/luis7/Downloads/libopencm3-examples-master/libopencm3/lib/libopencm3_stm32f4.a(flash_common_idcache.o)
 .debug_abbrev  0x0000000000002221       0x9c /home/luis7/Downloads/libopencm3-examples-master/libopencm3/lib/libopencm3_stm32f4.a(pwr.o)

.debug_loc      0x0000000000000000     0x38d7
 .debug_loc     0x0000000000000000       0xde sdram.o
 .debug_loc     0x00000000000000de       0x3a clock.o
 .debug_loc     0x0000000000000118      0x1f3 console.o
 .debug_loc     0x000000000000030b      0x43f lcd-spi.o
 .debug_loc     0x000000000000074a     0x1692 gfx.o
 .debug_loc     0x0000000000001ddc      0x590 /home/luis7/Downloads/libopencm3-examples-master/libopencm3/lib/libopencm3_stm32f4.a(fmc_common_f47.o)
 .debug_loc     0x000000000000236c       0xbe /home/luis7/Downloads/libopencm3-examples-master/libopencm3/lib/libopencm3_stm32f4.a(gpio_common_all.o)
 .debug_loc     0x000000000000242a      0x14d /home/luis7/Downloads/libopencm3-examples-master/libopencm3/lib/libopencm3_stm32f4.a(gpio_common_f0234.o)
 .debug_loc     0x0000000000002577      0x120 /home/luis7/Downloads/libopencm3-examples-master/libopencm3/lib/libopencm3_stm32f4.a(rcc_common_all.o)
 .debug_loc     0x0000000000002697      0x8c7 /home/luis7/Downloads/libopencm3-examples-master/libopencm3/lib/libopencm3_stm32f4.a(rcc.o)
 .debug_loc     0x0000000000002f5e      0x170 /home/luis7/Downloads/libopencm3-examples-master/libopencm3/lib/libopencm3_stm32f4.a(spi_common_all.o)
 .debug_loc     0x00000000000030ce      0x149 /home/luis7/Downloads/libopencm3-examples-master/libopencm3/lib/libopencm3_stm32f4.a(spi_common_v1.o)
 .debug_loc     0x0000000000003217      0x206 /home/luis7/Downloads/libopencm3-examples-master/libopencm3/lib/libopencm3_stm32f4.a(usart_common_all.o)
 .debug_loc     0x000000000000341d      0x128 /home/luis7/Downloads/libopencm3-examples-master/libopencm3/lib/libopencm3_stm32f4.a(vector.o)
 .debug_loc     0x0000000000003545      0x192 /home/luis7/Downloads/libopencm3-examples-master/libopencm3/lib/libopencm3_stm32f4.a(systick.o)
 .debug_loc     0x00000000000036d7       0x25 /home/luis7/Downloads/libopencm3-examples-master/libopencm3/lib/libopencm3_stm32f4.a(scb.o)
 .debug_loc     0x00000000000036fc      0x14d /home/luis7/Downloads/libopencm3-examples-master/libopencm3/lib/libopencm3_stm32f4.a(nvic.o)
 .debug_loc     0x0000000000003849       0x47 /home/luis7/Downloads/libopencm3-examples-master/libopencm3/lib/libopencm3_stm32f4.a(flash_common_all.o)
 .debug_loc     0x0000000000003890       0x47 /home/luis7/Downloads/libopencm3-examples-master/libopencm3/lib/libopencm3_stm32f4.a(pwr.o)

.debug_aranges  0x0000000000000000      0x860
 .debug_aranges
                0x0000000000000000       0x20 sdram.o
 .debug_aranges
                0x0000000000000020       0x38 clock.o
 .debug_aranges
                0x0000000000000058       0x48 console.o
 .debug_aranges
                0x00000000000000a0       0x40 lcd-spi.o
 .debug_aranges
                0x00000000000000e0       0xf8 gfx.o
 .debug_aranges
                0x00000000000001d8       0x20 lcd-serial.o
 .debug_aranges
                0x00000000000001f8       0x28 /home/luis7/Downloads/libopencm3-examples-master/libopencm3/lib/libopencm3_stm32f4.a(fmc_common_f47.o)
 .debug_aranges
                0x0000000000000220       0x50 /home/luis7/Downloads/libopencm3-examples-master/libopencm3/lib/libopencm3_stm32f4.a(gpio_common_all.o)
 .debug_aranges
                0x0000000000000270       0x30 /home/luis7/Downloads/libopencm3-examples-master/libopencm3/lib/libopencm3_stm32f4.a(gpio_common_f0234.o)
 .debug_aranges
                0x00000000000002a0       0x60 /home/luis7/Downloads/libopencm3-examples-master/libopencm3/lib/libopencm3_stm32f4.a(rcc_common_all.o)
 .debug_aranges
                0x0000000000000300      0x110 /home/luis7/Downloads/libopencm3-examples-master/libopencm3/lib/libopencm3_stm32f4.a(rcc.o)
 .debug_aranges
                0x0000000000000410      0x170 /home/luis7/Downloads/libopencm3-examples-master/libopencm3/lib/libopencm3_stm32f4.a(spi_common_all.o)
 .debug_aranges
                0x0000000000000580       0x30 /home/luis7/Downloads/libopencm3-examples-master/libopencm3/lib/libopencm3_stm32f4.a(spi_common_v1.o)
 .debug_aranges
                0x00000000000005b0       0xd8 /home/luis7/Downloads/libopencm3-examples-master/libopencm3/lib/libopencm3_stm32f4.a(usart_common_all.o)
 .debug_aranges
                0x0000000000000688       0x30 /home/luis7/Downloads/libopencm3-examples-master/libopencm3/lib/libopencm3_stm32f4.a(vector.o)
 .debug_aranges
                0x00000000000006b8       0x78 /home/luis7/Downloads/libopencm3-examples-master/libopencm3/lib/libopencm3_stm32f4.a(systick.o)
 .debug_aranges
                0x0000000000000730       0x30 /home/luis7/Downloads/libopencm3-examples-master/libopencm3/lib/libopencm3_stm32f4.a(scb.o)
 .debug_aranges
                0x0000000000000760       0x60 /home/luis7/Downloads/libopencm3-examples-master/libopencm3/lib/libopencm3_stm32f4.a(nvic.o)
 .debug_aranges
                0x00000000000007c0       0x38 /home/luis7/Downloads/libopencm3-examples-master/libopencm3/lib/libopencm3_stm32f4.a(flash_common_all.o)
 .debug_aranges
                0x00000000000007f8       0x48 /home/luis7/Downloads/libopencm3-examples-master/libopencm3/lib/libopencm3_stm32f4.a(flash_common_idcache.o)
 .debug_aranges
                0x0000000000000840       0x20 /home/luis7/Downloads/libopencm3-examples-master/libopencm3/lib/libopencm3_stm32f4.a(pwr.o)

.debug_ranges   0x0000000000000000      0x868
 .debug_ranges  0x0000000000000000       0x10 sdram.o
 .debug_ranges  0x0000000000000010       0x28 clock.o
 .debug_ranges  0x0000000000000038       0x38 console.o
 .debug_ranges  0x0000000000000070       0xb0 lcd-spi.o
 .debug_ranges  0x0000000000000120      0x130 gfx.o
 .debug_ranges  0x0000000000000250       0x10 lcd-serial.o
 .debug_ranges  0x0000000000000260       0x18 /home/luis7/Downloads/libopencm3-examples-master/libopencm3/lib/libopencm3_stm32f4.a(fmc_common_f47.o)
 .debug_ranges  0x0000000000000278       0x40 /home/luis7/Downloads/libopencm3-examples-master/libopencm3/lib/libopencm3_stm32f4.a(gpio_common_all.o)
 .debug_ranges  0x00000000000002b8       0x20 /home/luis7/Downloads/libopencm3-examples-master/libopencm3/lib/libopencm3_stm32f4.a(gpio_common_f0234.o)
 .debug_ranges  0x00000000000002d8       0x50 /home/luis7/Downloads/libopencm3-examples-master/libopencm3/lib/libopencm3_stm32f4.a(rcc_common_all.o)
 .debug_ranges  0x0000000000000328      0x178 /home/luis7/Downloads/libopencm3-examples-master/libopencm3/lib/libopencm3_stm32f4.a(rcc.o)
 .debug_ranges  0x00000000000004a0      0x160 /home/luis7/Downloads/libopencm3-examples-master/libopencm3/lib/libopencm3_stm32f4.a(spi_common_all.o)
 .debug_ranges  0x0000000000000600       0x20 /home/luis7/Downloads/libopencm3-examples-master/libopencm3/lib/libopencm3_stm32f4.a(spi_common_v1.o)
 .debug_ranges  0x0000000000000620       0xc8 /home/luis7/Downloads/libopencm3-examples-master/libopencm3/lib/libopencm3_stm32f4.a(usart_common_all.o)
 .debug_ranges  0x00000000000006e8       0x20 /home/luis7/Downloads/libopencm3-examples-master/libopencm3/lib/libopencm3_stm32f4.a(vector.o)
 .debug_ranges  0x0000000000000708       0x80 /home/luis7/Downloads/libopencm3-examples-master/libopencm3/lib/libopencm3_stm32f4.a(systick.o)
 .debug_ranges  0x0000000000000788       0x20 /home/luis7/Downloads/libopencm3-examples-master/libopencm3/lib/libopencm3_stm32f4.a(scb.o)
 .debug_ranges  0x00000000000007a8       0x50 /home/luis7/Downloads/libopencm3-examples-master/libopencm3/lib/libopencm3_stm32f4.a(nvic.o)
 .debug_ranges  0x00000000000007f8       0x28 /home/luis7/Downloads/libopencm3-examples-master/libopencm3/lib/libopencm3_stm32f4.a(flash_common_all.o)
 .debug_ranges  0x0000000000000820       0x38 /home/luis7/Downloads/libopencm3-examples-master/libopencm3/lib/libopencm3_stm32f4.a(flash_common_idcache.o)
 .debug_ranges  0x0000000000000858       0x10 /home/luis7/Downloads/libopencm3-examples-master/libopencm3/lib/libopencm3_stm32f4.a(pwr.o)

.debug_macro    0x0000000000000000     0x5c16
 .debug_macro   0x0000000000000000       0xf7 sdram.o
 .debug_macro   0x00000000000000f7      0xa9c sdram.o
 .debug_macro   0x0000000000000b93      0x34e sdram.o
 .debug_macro   0x0000000000000ee1       0x1c sdram.o
 .debug_macro   0x0000000000000efd       0x22 sdram.o
 .debug_macro   0x0000000000000f1f       0xe8 sdram.o
 .debug_macro   0x0000000000001007       0x76 sdram.o
 .debug_macro   0x000000000000107d      0x280 sdram.o
 .debug_macro   0x00000000000012fd       0x76 sdram.o
 .debug_macro   0x0000000000001373      0x37e sdram.o
 .debug_macro   0x00000000000016f1       0xca sdram.o
 .debug_macro   0x00000000000017bb       0x8e sdram.o
 .debug_macro   0x0000000000001849       0x46 sdram.o
 .debug_macro   0x000000000000188f      0xcea sdram.o
 .debug_macro   0x0000000000002579      0x285 sdram.o
 .debug_macro   0x00000000000027fe      0x2b3 sdram.o
 .debug_macro   0x0000000000002ab1       0x16 sdram.o
 .debug_macro   0x0000000000002ac7       0xc1 clock.o
 .debug_macro   0x0000000000002b88       0x6e clock.o
 .debug_macro   0x0000000000002bf6      0x22c clock.o
 .debug_macro   0x0000000000002e22       0x6f clock.o
 .debug_macro   0x0000000000002e91      0x1b6 console.o
 .debug_macro   0x0000000000003047       0x22 console.o
 .debug_macro   0x0000000000003069       0x52 console.o
 .debug_macro   0x00000000000030bb       0x18 console.o
 .debug_macro   0x00000000000030d3       0x5c console.o
 .debug_macro   0x000000000000312f       0x35 console.o
 .debug_macro   0x0000000000003164       0x34 console.o
 .debug_macro   0x0000000000003198       0x94 console.o
 .debug_macro   0x000000000000322c      0x29e console.o
 .debug_macro   0x00000000000034ca       0xa0 console.o
 .debug_macro   0x000000000000356a       0x70 console.o
 .debug_macro   0x00000000000035da      0x458 console.o
 .debug_macro   0x0000000000003a32       0x1f console.o
 .debug_macro   0x0000000000003a51       0x16 console.o
 .debug_macro   0x0000000000003a67      0x131 lcd-spi.o
 .debug_macro   0x0000000000003b98      0x2eb lcd-spi.o
 .debug_macro   0x0000000000003e83       0x16 lcd-spi.o
 .debug_macro   0x0000000000003e99       0x22 lcd-spi.o
 .debug_macro   0x0000000000003ebb       0x76 lcd-spi.o
 .debug_macro   0x0000000000003f31      0x125 gfx.o
 .debug_macro   0x0000000000004056      0x16d gfx.o
 .debug_macro   0x00000000000041c3       0x16 gfx.o
 .debug_macro   0x00000000000041d9       0x43 gfx.o
 .debug_macro   0x000000000000421c       0x57 gfx.o
 .debug_macro   0x0000000000004273       0x34 gfx.o
 .debug_macro   0x00000000000042a7       0x10 gfx.o
 .debug_macro   0x00000000000042b7       0x52 gfx.o
 .debug_macro   0x0000000000004309      0x182 gfx.o
 .debug_macro   0x000000000000448b      0x35c gfx.o
 .debug_macro   0x00000000000047e7       0xde gfx.o
 .debug_macro   0x00000000000048c5       0x16 gfx.o
 .debug_macro   0x00000000000048db       0x35 gfx.o
 .debug_macro   0x0000000000004910       0x22 gfx.o
 .debug_macro   0x0000000000004932       0x58 gfx.o
 .debug_macro   0x000000000000498a       0x16 gfx.o
 .debug_macro   0x00000000000049a0      0x10a lcd-serial.o
 .debug_macro   0x0000000000004aaa       0x10 lcd-serial.o
 .debug_macro   0x0000000000004aba       0x75 /home/luis7/Downloads/libopencm3-examples-master/libopencm3/lib/libopencm3_stm32f4.a(fmc_common_f47.o)
 .debug_macro   0x0000000000004b2f       0x88 /home/luis7/Downloads/libopencm3-examples-master/libopencm3/lib/libopencm3_stm32f4.a(gpio_common_all.o)
 .debug_macro   0x0000000000004bb7       0x88 /home/luis7/Downloads/libopencm3-examples-master/libopencm3/lib/libopencm3_stm32f4.a(gpio_common_f0234.o)
 .debug_macro   0x0000000000004c3f       0xa7 /home/luis7/Downloads/libopencm3-examples-master/libopencm3/lib/libopencm3_stm32f4.a(rcc_common_all.o)
 .debug_macro   0x0000000000004ce6       0xdb /home/luis7/Downloads/libopencm3-examples-master/libopencm3/lib/libopencm3_stm32f4.a(rcc.o)
 .debug_macro   0x0000000000004dc1       0x16 /home/luis7/Downloads/libopencm3-examples-master/libopencm3/lib/libopencm3_stm32f4.a(rcc.o)
 .debug_macro   0x0000000000004dd7       0x1c /home/luis7/Downloads/libopencm3-examples-master/libopencm3/lib/libopencm3_stm32f4.a(rcc.o)
 .debug_macro   0x0000000000004df3      0x143 /home/luis7/Downloads/libopencm3-examples-master/libopencm3/lib/libopencm3_stm32f4.a(rcc.o)
 .debug_macro   0x0000000000004f36       0x10 /home/luis7/Downloads/libopencm3-examples-master/libopencm3/lib/libopencm3_stm32f4.a(rcc.o)
 .debug_macro   0x0000000000004f46       0xb6 /home/luis7/Downloads/libopencm3-examples-master/libopencm3/lib/libopencm3_stm32f4.a(spi_common_all.o)
 .debug_macro   0x0000000000004ffc       0xb6 /home/luis7/Downloads/libopencm3-examples-master/libopencm3/lib/libopencm3_stm32f4.a(spi_common_v1.o)
 .debug_macro   0x00000000000050b2       0xc2 /home/luis7/Downloads/libopencm3-examples-master/libopencm3/lib/libopencm3_stm32f4.a(usart_common_all.o)
 .debug_macro   0x0000000000005174       0x8a /home/luis7/Downloads/libopencm3-examples-master/libopencm3/lib/libopencm3_stm32f4.a(vector.o)
 .debug_macro   0x00000000000051fe      0x452 /home/luis7/Downloads/libopencm3-examples-master/libopencm3/lib/libopencm3_stm32f4.a(vector.o)
 .debug_macro   0x0000000000005650       0x49 /home/luis7/Downloads/libopencm3-examples-master/libopencm3/lib/libopencm3_stm32f4.a(systick.o)
 .debug_macro   0x0000000000005699       0x69 /home/luis7/Downloads/libopencm3-examples-master/libopencm3/lib/libopencm3_stm32f4.a(systick.o)
 .debug_macro   0x0000000000005702      0x123 /home/luis7/Downloads/libopencm3-examples-master/libopencm3/lib/libopencm3_stm32f4.a(scb.o)
 .debug_macro   0x0000000000005825      0x10e /home/luis7/Downloads/libopencm3-examples-master/libopencm3/lib/libopencm3_stm32f4.a(scb.o)
 .debug_macro   0x0000000000005933       0x86 /home/luis7/Downloads/libopencm3-examples-master/libopencm3/lib/libopencm3_stm32f4.a(scb.o)
 .debug_macro   0x00000000000059b9       0x6a /home/luis7/Downloads/libopencm3-examples-master/libopencm3/lib/libopencm3_stm32f4.a(nvic.o)
 .debug_macro   0x0000000000005a23       0x68 /home/luis7/Downloads/libopencm3-examples-master/libopencm3/lib/libopencm3_stm32f4.a(nvic.o)
 .debug_macro   0x0000000000005a8b       0x8e /home/luis7/Downloads/libopencm3-examples-master/libopencm3/lib/libopencm3_stm32f4.a(flash_common_all.o)
 .debug_macro   0x0000000000005b19       0x8e /home/luis7/Downloads/libopencm3-examples-master/libopencm3/lib/libopencm3_stm32f4.a(flash_common_idcache.o)
 .debug_macro   0x0000000000005ba7       0x6f /home/luis7/Downloads/libopencm3-examples-master/libopencm3/lib/libopencm3_stm32f4.a(pwr.o)

.debug_line     0x0000000000000000     0x595e
 .debug_line    0x0000000000000000      0x3a0 sdram.o
 .debug_line    0x00000000000003a0      0x374 clock.o
 .debug_line    0x0000000000000714      0x6c7 console.o
 .debug_line    0x0000000000000ddb      0x67f lcd-spi.o
 .debug_line    0x000000000000145a      0xd73 gfx.o
 .debug_line    0x00000000000021cd      0x234 lcd-serial.o
 .debug_line    0x0000000000002401      0x276 /home/luis7/Downloads/libopencm3-examples-master/libopencm3/lib/libopencm3_stm32f4.a(fmc_common_f47.o)
 .debug_line    0x0000000000002677      0x2a5 /home/luis7/Downloads/libopencm3-examples-master/libopencm3/lib/libopencm3_stm32f4.a(gpio_common_all.o)
 .debug_line    0x000000000000291c      0x374 /home/luis7/Downloads/libopencm3-examples-master/libopencm3/lib/libopencm3_stm32f4.a(gpio_common_f0234.o)
 .debug_line    0x0000000000002c90      0x30c /home/luis7/Downloads/libopencm3-examples-master/libopencm3/lib/libopencm3_stm32f4.a(rcc_common_all.o)
 .debug_line    0x0000000000002f9c      0x9d5 /home/luis7/Downloads/libopencm3-examples-master/libopencm3/lib/libopencm3_stm32f4.a(rcc.o)
 .debug_line    0x0000000000003971      0x7de /home/luis7/Downloads/libopencm3-examples-master/libopencm3/lib/libopencm3_stm32f4.a(spi_common_all.o)
 .debug_line    0x000000000000414f      0x26b /home/luis7/Downloads/libopencm3-examples-master/libopencm3/lib/libopencm3_stm32f4.a(spi_common_v1.o)
 .debug_line    0x00000000000043ba      0x52b /home/luis7/Downloads/libopencm3-examples-master/libopencm3/lib/libopencm3_stm32f4.a(usart_common_all.o)
 .debug_line    0x00000000000048e5      0x321 /home/luis7/Downloads/libopencm3-examples-master/libopencm3/lib/libopencm3_stm32f4.a(vector.o)
 .debug_line    0x0000000000004c06      0x26e /home/luis7/Downloads/libopencm3-examples-master/libopencm3/lib/libopencm3_stm32f4.a(systick.o)
 .debug_line    0x0000000000004e74      0x23e /home/luis7/Downloads/libopencm3-examples-master/libopencm3/lib/libopencm3_stm32f4.a(scb.o)
 .debug_line    0x00000000000050b2      0x27e /home/luis7/Downloads/libopencm3-examples-master/libopencm3/lib/libopencm3_stm32f4.a(nvic.o)
 .debug_line    0x0000000000005330      0x245 /home/luis7/Downloads/libopencm3-examples-master/libopencm3/lib/libopencm3_stm32f4.a(flash_common_all.o)
 .debug_line    0x0000000000005575      0x25e /home/luis7/Downloads/libopencm3-examples-master/libopencm3/lib/libopencm3_stm32f4.a(flash_common_idcache.o)
 .debug_line    0x00000000000057d3      0x18b /home/luis7/Downloads/libopencm3-examples-master/libopencm3/lib/libopencm3_stm32f4.a(pwr.o)

.debug_str      0x0000000000000000    0x16b43
 .debug_str     0x0000000000000000     0xc042 sdram.o
                                       0xc21f (size before relaxing)
 .debug_str     0x000000000000c042      0xcca clock.o
                                       0x9a87 (size before relaxing)
 .debug_str     0x000000000000cd0c     0x2fcf console.o
                                       0xe136 (size before relaxing)
 .debug_str     0x000000000000fcdb     0x1091 lcd-spi.o
                                       0xc2a4 (size before relaxing)
 .debug_str     0x0000000000010d6c     0x34dd gfx.o
                                       0x7335 (size before relaxing)
 .debug_str     0x0000000000014249       0x6b lcd-serial.o
                                       0x724c (size before relaxing)
 .debug_str     0x00000000000142b4      0x156 /home/luis7/Downloads/libopencm3-examples-master/libopencm3/lib/libopencm3_stm32f4.a(fmc_common_f47.o)
                                       0x68ca (size before relaxing)
 .debug_str     0x000000000001440a       0x7b /home/luis7/Downloads/libopencm3-examples-master/libopencm3/lib/libopencm3_stm32f4.a(gpio_common_all.o)
                                       0x62b3 (size before relaxing)
 .debug_str     0x0000000000014485       0x61 /home/luis7/Downloads/libopencm3-examples-master/libopencm3/lib/libopencm3_stm32f4.a(gpio_common_f0234.o)
                                       0x62cb (size before relaxing)
 .debug_str     0x00000000000144e6      0x475 /home/luis7/Downloads/libopencm3-examples-master/libopencm3/lib/libopencm3_stm32f4.a(rcc_common_all.o)
                                       0x97b2 (size before relaxing)
 .debug_str     0x000000000001495b      0xad3 /home/luis7/Downloads/libopencm3-examples-master/libopencm3/lib/libopencm3_stm32f4.a(rcc.o)
                                       0x9edd (size before relaxing)
 .debug_str     0x000000000001542e      0x3e1 /home/luis7/Downloads/libopencm3-examples-master/libopencm3/lib/libopencm3_stm32f4.a(spi_common_all.o)
                                       0x9f70 (size before relaxing)
 .debug_str     0x000000000001580f       0x50 /home/luis7/Downloads/libopencm3-examples-master/libopencm3/lib/libopencm3_stm32f4.a(spi_common_v1.o)
                                       0x9bb3 (size before relaxing)
 .debug_str     0x000000000001585f      0x1fe /home/luis7/Downloads/libopencm3-examples-master/libopencm3/lib/libopencm3_stm32f4.a(usart_common_all.o)
                                       0xa238 (size before relaxing)
 .debug_str     0x0000000000015a5d      0xe72 /home/luis7/Downloads/libopencm3-examples-master/libopencm3/lib/libopencm3_stm32f4.a(vector.o)
                                       0x6b73 (size before relaxing)
 .debug_str     0x00000000000168cf       0xbd /home/luis7/Downloads/libopencm3-examples-master/libopencm3/lib/libopencm3_stm32f4.a(systick.o)
                                       0x41cc (size before relaxing)
 .debug_str     0x000000000001698c       0x42 /home/luis7/Downloads/libopencm3-examples-master/libopencm3/lib/libopencm3_stm32f4.a(scb.o)
                                       0x84bc (size before relaxing)
 .debug_str     0x00000000000169ce       0xc4 /home/luis7/Downloads/libopencm3-examples-master/libopencm3/lib/libopencm3_stm32f4.a(nvic.o)
                                       0x5dde (size before relaxing)
 .debug_str     0x0000000000016a92       0x64 /home/luis7/Downloads/libopencm3-examples-master/libopencm3/lib/libopencm3_stm32f4.a(flash_common_all.o)
                                       0x5615 (size before relaxing)
 .debug_str     0x0000000000016af6       0x47 /home/luis7/Downloads/libopencm3-examples-master/libopencm3/lib/libopencm3_stm32f4.a(flash_common_idcache.o)
                                       0x5637 (size before relaxing)
 .debug_str     0x0000000000016b3d        0x6 /home/luis7/Downloads/libopencm3-examples-master/libopencm3/lib/libopencm3_stm32f4.a(pwr.o)
                                       0x5291 (size before relaxing)

.comment        0x0000000000000000       0x59
 .comment       0x0000000000000000       0x59 sdram.o
                                         0x5a (size before relaxing)
 .comment       0x0000000000000059       0x5a clock.o
 .comment       0x0000000000000059       0x5a console.o
 .comment       0x0000000000000059       0x5a lcd-spi.o
 .comment       0x0000000000000059       0x5a gfx.o
 .comment       0x0000000000000059       0x5a lcd-serial.o
 .comment       0x0000000000000059       0x5a /home/luis7/Downloads/libopencm3-examples-master/libopencm3/lib/libopencm3_stm32f4.a(fmc_common_f47.o)
 .comment       0x0000000000000059       0x5a /home/luis7/Downloads/libopencm3-examples-master/libopencm3/lib/libopencm3_stm32f4.a(gpio_common_all.o)
 .comment       0x0000000000000059       0x5a /home/luis7/Downloads/libopencm3-examples-master/libopencm3/lib/libopencm3_stm32f4.a(gpio_common_f0234.o)
 .comment       0x0000000000000059       0x5a /home/luis7/Downloads/libopencm3-examples-master/libopencm3/lib/libopencm3_stm32f4.a(rcc_common_all.o)
 .comment       0x0000000000000059       0x5a /home/luis7/Downloads/libopencm3-examples-master/libopencm3/lib/libopencm3_stm32f4.a(rcc.o)
 .comment       0x0000000000000059       0x5a /home/luis7/Downloads/libopencm3-examples-master/libopencm3/lib/libopencm3_stm32f4.a(spi_common_all.o)
 .comment       0x0000000000000059       0x5a /home/luis7/Downloads/libopencm3-examples-master/libopencm3/lib/libopencm3_stm32f4.a(spi_common_v1.o)
 .comment       0x0000000000000059       0x5a /home/luis7/Downloads/libopencm3-examples-master/libopencm3/lib/libopencm3_stm32f4.a(usart_common_all.o)
 .comment       0x0000000000000059       0x5a /home/luis7/Downloads/libopencm3-examples-master/libopencm3/lib/libopencm3_stm32f4.a(vector.o)
 .comment       0x0000000000000059       0x5a /home/luis7/Downloads/libopencm3-examples-master/libopencm3/lib/libopencm3_stm32f4.a(systick.o)
 .comment       0x0000000000000059       0x5a /home/luis7/Downloads/libopencm3-examples-master/libopencm3/lib/libopencm3_stm32f4.a(scb.o)
 .comment       0x0000000000000059       0x5a /home/luis7/Downloads/libopencm3-examples-master/libopencm3/lib/libopencm3_stm32f4.a(nvic.o)
 .comment       0x0000000000000059       0x5a /home/luis7/Downloads/libopencm3-examples-master/libopencm3/lib/libopencm3_stm32f4.a(flash_common_all.o)
 .comment       0x0000000000000059       0x5a /home/luis7/Downloads/libopencm3-examples-master/libopencm3/lib/libopencm3_stm32f4.a(flash_common_idcache.o)
 .comment       0x0000000000000059       0x5a /home/luis7/Downloads/libopencm3-examples-master/libopencm3/lib/libopencm3_stm32f4.a(pwr.o)

.ARM.attributes
                0x0000000000000000       0x34
 .ARM.attributes
                0x0000000000000000       0x34 sdram.o
 .ARM.attributes
                0x0000000000000034       0x34 clock.o
 .ARM.attributes
                0x0000000000000068       0x34 console.o
 .ARM.attributes
                0x000000000000009c       0x34 lcd-spi.o
 .ARM.attributes
                0x00000000000000d0       0x34 gfx.o
 .ARM.attributes
                0x0000000000000104       0x34 lcd-serial.o
 .ARM.attributes
                0x0000000000000138       0x34 /home/luis7/Downloads/libopencm3-examples-master/libopencm3/lib/libopencm3_stm32f4.a(fmc_common_f47.o)
 .ARM.attributes
                0x000000000000016c       0x34 /home/luis7/Downloads/libopencm3-examples-master/libopencm3/lib/libopencm3_stm32f4.a(gpio_common_all.o)
 .ARM.attributes
                0x00000000000001a0       0x34 /home/luis7/Downloads/libopencm3-examples-master/libopencm3/lib/libopencm3_stm32f4.a(gpio_common_f0234.o)
 .ARM.attributes
                0x00000000000001d4       0x34 /home/luis7/Downloads/libopencm3-examples-master/libopencm3/lib/libopencm3_stm32f4.a(rcc_common_all.o)
 .ARM.attributes
                0x0000000000000208       0x34 /home/luis7/Downloads/libopencm3-examples-master/libopencm3/lib/libopencm3_stm32f4.a(rcc.o)
 .ARM.attributes
                0x000000000000023c       0x34 /home/luis7/Downloads/libopencm3-examples-master/libopencm3/lib/libopencm3_stm32f4.a(spi_common_all.o)
 .ARM.attributes
                0x0000000000000270       0x34 /home/luis7/Downloads/libopencm3-examples-master/libopencm3/lib/libopencm3_stm32f4.a(spi_common_v1.o)
 .ARM.attributes
                0x00000000000002a4       0x34 /home/luis7/Downloads/libopencm3-examples-master/libopencm3/lib/libopencm3_stm32f4.a(usart_common_all.o)
 .ARM.attributes
                0x00000000000002d8       0x34 /home/luis7/Downloads/libopencm3-examples-master/libopencm3/lib/libopencm3_stm32f4.a(vector.o)
 .ARM.attributes
                0x000000000000030c       0x34 /home/luis7/Downloads/libopencm3-examples-master/libopencm3/lib/libopencm3_stm32f4.a(systick.o)
 .ARM.attributes
                0x0000000000000340       0x34 /home/luis7/Downloads/libopencm3-examples-master/libopencm3/lib/libopencm3_stm32f4.a(scb.o)
 .ARM.attributes
                0x0000000000000374       0x34 /home/luis7/Downloads/libopencm3-examples-master/libopencm3/lib/libopencm3_stm32f4.a(nvic.o)
 .ARM.attributes
                0x00000000000003a8       0x34 /home/luis7/Downloads/libopencm3-examples-master/libopencm3/lib/libopencm3_stm32f4.a(flash_common_all.o)
 .ARM.attributes
                0x00000000000003dc       0x34 /home/luis7/Downloads/libopencm3-examples-master/libopencm3/lib/libopencm3_stm32f4.a(flash_common_idcache.o)
 .ARM.attributes
                0x0000000000000410       0x34 /home/luis7/Downloads/libopencm3-examples-master/libopencm3/lib/libopencm3_stm32f4.a(pwr.o)

.debug_frame    0x0000000000000000     0x11b0
 .debug_frame   0x0000000000000000       0x30 sdram.o
 .debug_frame   0x0000000000000030       0x5c clock.o
 .debug_frame   0x000000000000008c       0xb0 console.o
 .debug_frame   0x000000000000013c       0xc4 lcd-spi.o
 .debug_frame   0x0000000000000200      0x3a8 gfx.o
 .debug_frame   0x00000000000005a8       0x28 lcd-serial.o
 .debug_frame   0x00000000000005d0       0x38 /home/luis7/Downloads/libopencm3-examples-master/libopencm3/lib/libopencm3_stm32f4.a(fmc_common_f47.o)
 .debug_frame   0x0000000000000608       0x80 /home/luis7/Downloads/libopencm3-examples-master/libopencm3/lib/libopencm3_stm32f4.a(gpio_common_all.o)
 .debug_frame   0x0000000000000688       0x70 /home/luis7/Downloads/libopencm3-examples-master/libopencm3/lib/libopencm3_stm32f4.a(gpio_common_f0234.o)
 .debug_frame   0x00000000000006f8       0xe0 /home/luis7/Downloads/libopencm3-examples-master/libopencm3/lib/libopencm3_stm32f4.a(rcc_common_all.o)
 .debug_frame   0x00000000000007d8      0x234 /home/luis7/Downloads/libopencm3-examples-master/libopencm3/lib/libopencm3_stm32f4.a(rcc.o)
 .debug_frame   0x0000000000000a0c      0x2c0 /home/luis7/Downloads/libopencm3-examples-master/libopencm3/lib/libopencm3_stm32f4.a(spi_common_all.o)
 .debug_frame   0x0000000000000ccc       0x4c /home/luis7/Downloads/libopencm3-examples-master/libopencm3/lib/libopencm3_stm32f4.a(spi_common_v1.o)
 .debug_frame   0x0000000000000d18      0x1b4 /home/luis7/Downloads/libopencm3-examples-master/libopencm3/lib/libopencm3_stm32f4.a(usart_common_all.o)
 .debug_frame   0x0000000000000ecc       0x4c /home/luis7/Downloads/libopencm3-examples-master/libopencm3/lib/libopencm3_stm32f4.a(vector.o)
 .debug_frame   0x0000000000000f18       0xd8 /home/luis7/Downloads/libopencm3-examples-master/libopencm3/lib/libopencm3_stm32f4.a(systick.o)
 .debug_frame   0x0000000000000ff0       0x40 /home/luis7/Downloads/libopencm3-examples-master/libopencm3/lib/libopencm3_stm32f4.a(scb.o)
 .debug_frame   0x0000000000001030       0xa0 /home/luis7/Downloads/libopencm3-examples-master/libopencm3/lib/libopencm3_stm32f4.a(nvic.o)
 .debug_frame   0x00000000000010d0       0x50 /home/luis7/Downloads/libopencm3-examples-master/libopencm3/lib/libopencm3_stm32f4.a(flash_common_all.o)
 .debug_frame   0x0000000000001120       0x70 /home/luis7/Downloads/libopencm3-examples-master/libopencm3/lib/libopencm3_stm32f4.a(flash_common_idcache.o)
 .debug_frame   0x0000000000001190       0x20 /home/luis7/Downloads/libopencm3-examples-master/libopencm3/lib/libopencm3_stm32f4.a(pwr.o)

Cross Reference Table

Symbol                                            File
__fini_array_end                                  /home/luis7/Downloads/libopencm3-examples-master/libopencm3/lib/libopencm3_stm32f4.a(vector.o)
__fini_array_start                                /home/luis7/Downloads/libopencm3-examples-master/libopencm3/lib/libopencm3_stm32f4.a(vector.o)
__gfx_state                                       gfx.o
__init_array_end                                  /home/luis7/Downloads/libopencm3-examples-master/libopencm3/lib/libopencm3_stm32f4.a(vector.o)
__init_array_start                                /home/luis7/Downloads/libopencm3-examples-master/libopencm3/lib/libopencm3_stm32f4.a(vector.o)
__preinit_array_end                               /home/luis7/Downloads/libopencm3-examples-master/libopencm3/lib/libopencm3_stm32f4.a(vector.o)
__preinit_array_start                             /home/luis7/Downloads/libopencm3-examples-master/libopencm3/lib/libopencm3_stm32f4.a(vector.o)
_data                                             /home/luis7/Downloads/libopencm3-examples-master/libopencm3/lib/libopencm3_stm32f4.a(vector.o)
_data_loadaddr                                    /home/luis7/Downloads/libopencm3-examples-master/libopencm3/lib/libopencm3_stm32f4.a(vector.o)
_ebss                                             /home/luis7/Downloads/libopencm3-examples-master/libopencm3/lib/libopencm3_stm32f4.a(vector.o)
_edata                                            /home/luis7/Downloads/libopencm3-examples-master/libopencm3/lib/libopencm3_stm32f4.a(vector.o)
_stack                                            /home/luis7/Downloads/libopencm3-examples-master/libopencm3/lib/libopencm3_stm32f4.a(vector.o)
adc_isr                                           /home/luis7/Downloads/libopencm3-examples-master/libopencm3/lib/libopencm3_stm32f4.a(vector.o)
blocking_handler                                  /home/luis7/Downloads/libopencm3-examples-master/libopencm3/lib/libopencm3_stm32f4.a(vector.o)
bus_fault_handler                                 /home/luis7/Downloads/libopencm3-examples-master/libopencm3/lib/libopencm3_stm32f4.a(vector.o)
can1_rx0_isr                                      /home/luis7/Downloads/libopencm3-examples-master/libopencm3/lib/libopencm3_stm32f4.a(vector.o)
can1_rx1_isr                                      /home/luis7/Downloads/libopencm3-examples-master/libopencm3/lib/libopencm3_stm32f4.a(vector.o)
can1_sce_isr                                      /home/luis7/Downloads/libopencm3-examples-master/libopencm3/lib/libopencm3_stm32f4.a(vector.o)
can1_tx_isr                                       /home/luis7/Downloads/libopencm3-examples-master/libopencm3/lib/libopencm3_stm32f4.a(vector.o)
can2_rx0_isr                                      /home/luis7/Downloads/libopencm3-examples-master/libopencm3/lib/libopencm3_stm32f4.a(vector.o)
can2_rx1_isr                                      /home/luis7/Downloads/libopencm3-examples-master/libopencm3/lib/libopencm3_stm32f4.a(vector.o)
can2_sce_isr                                      /home/luis7/Downloads/libopencm3-examples-master/libopencm3/lib/libopencm3_stm32f4.a(vector.o)
can2_tx_isr                                       /home/luis7/Downloads/libopencm3-examples-master/libopencm3/lib/libopencm3_stm32f4.a(vector.o)
clock_setup                                       clock.o
                                                  lcd-serial.o
console_getc                                      console.o
console_gets                                      console.o
console_putc                                      console.o
                                                  lcd-spi.o
console_puts                                      console.o
                                                  lcd-spi.o
console_setup                                     console.o
                                                  lcd-serial.o
cryp_isr                                          /home/luis7/Downloads/libopencm3-examples-master/libopencm3/lib/libopencm3_stm32f4.a(vector.o)
cur_frame                                         lcd-spi.o
dcmi_isr                                          /home/luis7/Downloads/libopencm3-examples-master/libopencm3/lib/libopencm3_stm32f4.a(vector.o)
debug_monitor_handler                             /home/luis7/Downloads/libopencm3-examples-master/libopencm3/lib/libopencm3_stm32f4.a(vector.o)
display_frame                                     lcd-spi.o
dma1_stream0_isr                                  /home/luis7/Downloads/libopencm3-examples-master/libopencm3/lib/libopencm3_stm32f4.a(vector.o)
dma1_stream1_isr                                  /home/luis7/Downloads/libopencm3-examples-master/libopencm3/lib/libopencm3_stm32f4.a(vector.o)
dma1_stream2_isr                                  /home/luis7/Downloads/libopencm3-examples-master/libopencm3/lib/libopencm3_stm32f4.a(vector.o)
dma1_stream3_isr                                  /home/luis7/Downloads/libopencm3-examples-master/libopencm3/lib/libopencm3_stm32f4.a(vector.o)
dma1_stream4_isr                                  /home/luis7/Downloads/libopencm3-examples-master/libopencm3/lib/libopencm3_stm32f4.a(vector.o)
dma1_stream5_isr                                  /home/luis7/Downloads/libopencm3-examples-master/libopencm3/lib/libopencm3_stm32f4.a(vector.o)
dma1_stream6_isr                                  /home/luis7/Downloads/libopencm3-examples-master/libopencm3/lib/libopencm3_stm32f4.a(vector.o)
dma1_stream7_isr                                  /home/luis7/Downloads/libopencm3-examples-master/libopencm3/lib/libopencm3_stm32f4.a(vector.o)
dma2_stream0_isr                                  /home/luis7/Downloads/libopencm3-examples-master/libopencm3/lib/libopencm3_stm32f4.a(vector.o)
dma2_stream1_isr                                  /home/luis7/Downloads/libopencm3-examples-master/libopencm3/lib/libopencm3_stm32f4.a(vector.o)
dma2_stream2_isr                                  /home/luis7/Downloads/libopencm3-examples-master/libopencm3/lib/libopencm3_stm32f4.a(vector.o)
dma2_stream3_isr                                  /home/luis7/Downloads/libopencm3-examples-master/libopencm3/lib/libopencm3_stm32f4.a(vector.o)
dma2_stream4_isr                                  /home/luis7/Downloads/libopencm3-examples-master/libopencm3/lib/libopencm3_stm32f4.a(vector.o)
dma2_stream5_isr                                  /home/luis7/Downloads/libopencm3-examples-master/libopencm3/lib/libopencm3_stm32f4.a(vector.o)
dma2_stream6_isr                                  /home/luis7/Downloads/libopencm3-examples-master/libopencm3/lib/libopencm3_stm32f4.a(vector.o)
dma2_stream7_isr                                  /home/luis7/Downloads/libopencm3-examples-master/libopencm3/lib/libopencm3_stm32f4.a(vector.o)
dma2d_isr                                         /home/luis7/Downloads/libopencm3-examples-master/libopencm3/lib/libopencm3_stm32f4.a(vector.o)
eth_isr                                           /home/luis7/Downloads/libopencm3-examples-master/libopencm3/lib/libopencm3_stm32f4.a(vector.o)
eth_wkup_isr                                      /home/luis7/Downloads/libopencm3-examples-master/libopencm3/lib/libopencm3_stm32f4.a(vector.o)
exti0_isr                                         /home/luis7/Downloads/libopencm3-examples-master/libopencm3/lib/libopencm3_stm32f4.a(vector.o)
exti15_10_isr                                     /home/luis7/Downloads/libopencm3-examples-master/libopencm3/lib/libopencm3_stm32f4.a(vector.o)
exti1_isr                                         /home/luis7/Downloads/libopencm3-examples-master/libopencm3/lib/libopencm3_stm32f4.a(vector.o)
exti2_isr                                         /home/luis7/Downloads/libopencm3-examples-master/libopencm3/lib/libopencm3_stm32f4.a(vector.o)
exti3_isr                                         /home/luis7/Downloads/libopencm3-examples-master/libopencm3/lib/libopencm3_stm32f4.a(vector.o)
exti4_isr                                         /home/luis7/Downloads/libopencm3-examples-master/libopencm3/lib/libopencm3_stm32f4.a(vector.o)
exti9_5_isr                                       /home/luis7/Downloads/libopencm3-examples-master/libopencm3/lib/libopencm3_stm32f4.a(vector.o)
flash_dcache_disable                              /home/luis7/Downloads/libopencm3-examples-master/libopencm3/lib/libopencm3_stm32f4.a(flash_common_idcache.o)
                                                  /home/luis7/Downloads/libopencm3-examples-master/libopencm3/lib/libopencm3_stm32f4.a(rcc.o)
flash_dcache_enable                               /home/luis7/Downloads/libopencm3-examples-master/libopencm3/lib/libopencm3_stm32f4.a(flash_common_idcache.o)
                                                  /home/luis7/Downloads/libopencm3-examples-master/libopencm3/lib/libopencm3_stm32f4.a(rcc.o)
flash_dcache_reset                                /home/luis7/Downloads/libopencm3-examples-master/libopencm3/lib/libopencm3_stm32f4.a(flash_common_idcache.o)
flash_icache_disable                              /home/luis7/Downloads/libopencm3-examples-master/libopencm3/lib/libopencm3_stm32f4.a(flash_common_idcache.o)
                                                  /home/luis7/Downloads/libopencm3-examples-master/libopencm3/lib/libopencm3_stm32f4.a(rcc.o)
flash_icache_enable                               /home/luis7/Downloads/libopencm3-examples-master/libopencm3/lib/libopencm3_stm32f4.a(flash_common_idcache.o)
                                                  /home/luis7/Downloads/libopencm3-examples-master/libopencm3/lib/libopencm3_stm32f4.a(rcc.o)
flash_icache_reset                                /home/luis7/Downloads/libopencm3-examples-master/libopencm3/lib/libopencm3_stm32f4.a(flash_common_idcache.o)
flash_isr                                         /home/luis7/Downloads/libopencm3-examples-master/libopencm3/lib/libopencm3_stm32f4.a(vector.o)
flash_prefetch_disable                            /home/luis7/Downloads/libopencm3-examples-master/libopencm3/lib/libopencm3_stm32f4.a(flash_common_all.o)
flash_prefetch_enable                             /home/luis7/Downloads/libopencm3-examples-master/libopencm3/lib/libopencm3_stm32f4.a(flash_common_all.o)
flash_set_ws                                      /home/luis7/Downloads/libopencm3-examples-master/libopencm3/lib/libopencm3_stm32f4.a(flash_common_all.o)
                                                  /home/luis7/Downloads/libopencm3-examples-master/libopencm3/lib/libopencm3_stm32f4.a(rcc.o)
flash_unlock_option_bytes                         /home/luis7/Downloads/libopencm3-examples-master/libopencm3/lib/libopencm3_stm32f4.a(flash_common_all.o)
fpu_isr                                           /home/luis7/Downloads/libopencm3-examples-master/libopencm3/lib/libopencm3_stm32f4.a(vector.o)
fsmc_isr                                          /home/luis7/Downloads/libopencm3-examples-master/libopencm3/lib/libopencm3_stm32f4.a(vector.o)
gfx_drawBitmap                                    gfx.o
gfx_drawChar                                      gfx.o
gfx_drawCircle                                    gfx.o
gfx_drawCircleHelper                              gfx.o
gfx_drawFastHLine                                 gfx.o
gfx_drawFastVLine                                 gfx.o
gfx_drawLine                                      gfx.o
gfx_drawPixel                                     gfx.o
gfx_drawRect                                      gfx.o
gfx_drawRoundRect                                 gfx.o
                                                  lcd-serial.o
gfx_drawTriangle                                  gfx.o
gfx_fillCircle                                    gfx.o
                                                  lcd-serial.o
gfx_fillCircleHelper                              gfx.o
gfx_fillRect                                      gfx.o
gfx_fillRoundRect                                 gfx.o
                                                  lcd-serial.o
gfx_fillScreen                                    gfx.o
                                                  lcd-serial.o
gfx_fillTriangle                                  gfx.o
gfx_getRotation                                   gfx.o
gfx_height                                        gfx.o
gfx_init                                          gfx.o
                                                  lcd-serial.o
gfx_puts                                          gfx.o
                                                  lcd-serial.o
gfx_setCursor                                     gfx.o
                                                  lcd-serial.o
gfx_setRotation                                   gfx.o
gfx_setTextColor                                  gfx.o
gfx_setTextSize                                   gfx.o
                                                  lcd-serial.o
gfx_setTextWrap                                   gfx.o
gfx_width                                         gfx.o
gfx_write                                         gfx.o
gpio_clear                                        /home/luis7/Downloads/libopencm3-examples-master/libopencm3/lib/libopencm3_stm32f4.a(gpio_common_all.o)
                                                  lcd-spi.o
gpio_get                                          /home/luis7/Downloads/libopencm3-examples-master/libopencm3/lib/libopencm3_stm32f4.a(gpio_common_all.o)
gpio_mode_setup                                   /home/luis7/Downloads/libopencm3-examples-master/libopencm3/lib/libopencm3_stm32f4.a(gpio_common_f0234.o)
                                                  lcd-spi.o
                                                  console.o
                                                  sdram.o
gpio_port_config_lock                             /home/luis7/Downloads/libopencm3-examples-master/libopencm3/lib/libopencm3_stm32f4.a(gpio_common_all.o)
gpio_port_read                                    /home/luis7/Downloads/libopencm3-examples-master/libopencm3/lib/libopencm3_stm32f4.a(gpio_common_all.o)
gpio_port_write                                   /home/luis7/Downloads/libopencm3-examples-master/libopencm3/lib/libopencm3_stm32f4.a(gpio_common_all.o)
gpio_set                                          /home/luis7/Downloads/libopencm3-examples-master/libopencm3/lib/libopencm3_stm32f4.a(gpio_common_all.o)
                                                  lcd-spi.o
gpio_set_af                                       /home/luis7/Downloads/libopencm3-examples-master/libopencm3/lib/libopencm3_stm32f4.a(gpio_common_f0234.o)
                                                  lcd-spi.o
                                                  console.o
                                                  sdram.o
gpio_set_output_options                           /home/luis7/Downloads/libopencm3-examples-master/libopencm3/lib/libopencm3_stm32f4.a(gpio_common_f0234.o)
                                                  sdram.o
gpio_toggle                                       /home/luis7/Downloads/libopencm3-examples-master/libopencm3/lib/libopencm3_stm32f4.a(gpio_common_all.o)
hard_fault_handler                                /home/luis7/Downloads/libopencm3-examples-master/libopencm3/lib/libopencm3_stm32f4.a(vector.o)
hash_rng_isr                                      /home/luis7/Downloads/libopencm3-examples-master/libopencm3/lib/libopencm3_stm32f4.a(vector.o)
i2c1_er_isr                                       /home/luis7/Downloads/libopencm3-examples-master/libopencm3/lib/libopencm3_stm32f4.a(vector.o)
i2c1_ev_isr                                       /home/luis7/Downloads/libopencm3-examples-master/libopencm3/lib/libopencm3_stm32f4.a(vector.o)
i2c2_er_isr                                       /home/luis7/Downloads/libopencm3-examples-master/libopencm3/lib/libopencm3_stm32f4.a(vector.o)
i2c2_ev_isr                                       /home/luis7/Downloads/libopencm3-examples-master/libopencm3/lib/libopencm3_stm32f4.a(vector.o)
i2c3_er_isr                                       /home/luis7/Downloads/libopencm3-examples-master/libopencm3/lib/libopencm3_stm32f4.a(vector.o)
i2c3_ev_isr                                       /home/luis7/Downloads/libopencm3-examples-master/libopencm3/lib/libopencm3_stm32f4.a(vector.o)
initialization                                    lcd-spi.o
lcd_draw_pixel                                    lcd-spi.o
                                                  lcd-serial.o
lcd_show_frame                                    lcd-spi.o
                                                  lcd-serial.o
lcd_spi_init                                      lcd-spi.o
                                                  lcd-serial.o
lcd_tft_err_isr                                   /home/luis7/Downloads/libopencm3-examples-master/libopencm3/lib/libopencm3_stm32f4.a(vector.o)
lcd_tft_isr                                       /home/luis7/Downloads/libopencm3-examples-master/libopencm3/lib/libopencm3_stm32f4.a(vector.o)
main                                              lcd-serial.o
                                                  /home/luis7/Downloads/libopencm3-examples-master/libopencm3/lib/libopencm3_stm32f4.a(vector.o)
mem_manage_handler                                /home/luis7/Downloads/libopencm3-examples-master/libopencm3/lib/libopencm3_stm32f4.a(vector.o)
msleep                                            clock.o
                                                  lcd-spi.o
                                                  sdram.o
mtime                                             clock.o
nmi_handler                                       /home/luis7/Downloads/libopencm3-examples-master/libopencm3/lib/libopencm3_stm32f4.a(vector.o)
null_handler                                      /home/luis7/Downloads/libopencm3-examples-master/libopencm3/lib/libopencm3_stm32f4.a(vector.o)
nvic_clear_pending_irq                            /home/luis7/Downloads/libopencm3-examples-master/libopencm3/lib/libopencm3_stm32f4.a(nvic.o)
nvic_disable_irq                                  /home/luis7/Downloads/libopencm3-examples-master/libopencm3/lib/libopencm3_stm32f4.a(nvic.o)
nvic_enable_irq                                   /home/luis7/Downloads/libopencm3-examples-master/libopencm3/lib/libopencm3_stm32f4.a(nvic.o)
                                                  console.o
nvic_generate_software_interrupt                  /home/luis7/Downloads/libopencm3-examples-master/libopencm3/lib/libopencm3_stm32f4.a(nvic.o)
nvic_get_active_irq                               /home/luis7/Downloads/libopencm3-examples-master/libopencm3/lib/libopencm3_stm32f4.a(nvic.o)
nvic_get_irq_enabled                              /home/luis7/Downloads/libopencm3-examples-master/libopencm3/lib/libopencm3_stm32f4.a(nvic.o)
nvic_get_pending_irq                              /home/luis7/Downloads/libopencm3-examples-master/libopencm3/lib/libopencm3_stm32f4.a(nvic.o)
nvic_set_pending_irq                              /home/luis7/Downloads/libopencm3-examples-master/libopencm3/lib/libopencm3_stm32f4.a(nvic.o)
nvic_set_priority                                 /home/luis7/Downloads/libopencm3-examples-master/libopencm3/lib/libopencm3_stm32f4.a(nvic.o)
nvic_wwdg_isr                                     /home/luis7/Downloads/libopencm3-examples-master/libopencm3/lib/libopencm3_stm32f4.a(vector.o)
otg_fs_isr                                        /home/luis7/Downloads/libopencm3-examples-master/libopencm3/lib/libopencm3_stm32f4.a(vector.o)
otg_hs_ep1_in_isr                                 /home/luis7/Downloads/libopencm3-examples-master/libopencm3/lib/libopencm3_stm32f4.a(vector.o)
otg_hs_ep1_out_isr                                /home/luis7/Downloads/libopencm3-examples-master/libopencm3/lib/libopencm3_stm32f4.a(vector.o)
otg_hs_isr                                        /home/luis7/Downloads/libopencm3-examples-master/libopencm3/lib/libopencm3_stm32f4.a(vector.o)
otg_hs_wkup_isr                                   /home/luis7/Downloads/libopencm3-examples-master/libopencm3/lib/libopencm3_stm32f4.a(vector.o)
pend_sv_handler                                   /home/luis7/Downloads/libopencm3-examples-master/libopencm3/lib/libopencm3_stm32f4.a(vector.o)
pvd_isr                                           /home/luis7/Downloads/libopencm3-examples-master/libopencm3/lib/libopencm3_stm32f4.a(vector.o)
pwr_set_vos_scale                                 /home/luis7/Downloads/libopencm3-examples-master/libopencm3/lib/libopencm3_stm32f4.a(pwr.o)
                                                  /home/luis7/Downloads/libopencm3-examples-master/libopencm3/lib/libopencm3_stm32f4.a(rcc.o)
rcc_ahb_frequency                                 /home/luis7/Downloads/libopencm3-examples-master/libopencm3/lib/libopencm3_stm32f4.a(rcc.o)
rcc_apb1_frequency                                /home/luis7/Downloads/libopencm3-examples-master/libopencm3/lib/libopencm3_stm32f4.a(rcc.o)
                                                  /home/luis7/Downloads/libopencm3-examples-master/libopencm3/lib/libopencm3_stm32f4.a(usart_common_all.o)
rcc_apb2_frequency                                /home/luis7/Downloads/libopencm3-examples-master/libopencm3/lib/libopencm3_stm32f4.a(rcc.o)
                                                  /home/luis7/Downloads/libopencm3-examples-master/libopencm3/lib/libopencm3_stm32f4.a(usart_common_all.o)
rcc_clock_setup_hse_3v3                           /home/luis7/Downloads/libopencm3-examples-master/libopencm3/lib/libopencm3_stm32f4.a(rcc.o)
rcc_clock_setup_pll                               /home/luis7/Downloads/libopencm3-examples-master/libopencm3/lib/libopencm3_stm32f4.a(rcc.o)
                                                  clock.o
rcc_css_disable                                   /home/luis7/Downloads/libopencm3-examples-master/libopencm3/lib/libopencm3_stm32f4.a(rcc.o)
rcc_css_enable                                    /home/luis7/Downloads/libopencm3-examples-master/libopencm3/lib/libopencm3_stm32f4.a(rcc.o)
rcc_css_int_clear                                 /home/luis7/Downloads/libopencm3-examples-master/libopencm3/lib/libopencm3_stm32f4.a(rcc.o)
rcc_css_int_flag                                  /home/luis7/Downloads/libopencm3-examples-master/libopencm3/lib/libopencm3_stm32f4.a(rcc.o)
rcc_get_div_from_hpre                             /home/luis7/Downloads/libopencm3-examples-master/libopencm3/lib/libopencm3_stm32f4.a(rcc_common_all.o)
rcc_get_i2c_clk_freq                              /home/luis7/Downloads/libopencm3-examples-master/libopencm3/lib/libopencm3_stm32f4.a(rcc.o)
rcc_get_spi_clk_freq                              /home/luis7/Downloads/libopencm3-examples-master/libopencm3/lib/libopencm3_stm32f4.a(rcc.o)
rcc_get_timer_clk_freq                            /home/luis7/Downloads/libopencm3-examples-master/libopencm3/lib/libopencm3_stm32f4.a(rcc.o)
rcc_get_usart_clk_freq                            /home/luis7/Downloads/libopencm3-examples-master/libopencm3/lib/libopencm3_stm32f4.a(rcc.o)
rcc_hse_12mhz_3v3                                 /home/luis7/Downloads/libopencm3-examples-master/libopencm3/lib/libopencm3_stm32f4.a(rcc.o)
rcc_hse_16mhz_3v3                                 /home/luis7/Downloads/libopencm3-examples-master/libopencm3/lib/libopencm3_stm32f4.a(rcc.o)
rcc_hse_25mhz_3v3                                 /home/luis7/Downloads/libopencm3-examples-master/libopencm3/lib/libopencm3_stm32f4.a(rcc.o)
rcc_hse_8mhz_3v3                                  /home/luis7/Downloads/libopencm3-examples-master/libopencm3/lib/libopencm3_stm32f4.a(rcc.o)
                                                  clock.o
rcc_hsi_configs                                   /home/luis7/Downloads/libopencm3-examples-master/libopencm3/lib/libopencm3_stm32f4.a(rcc.o)
rcc_is_osc_ready                                  /home/luis7/Downloads/libopencm3-examples-master/libopencm3/lib/libopencm3_stm32f4.a(rcc.o)
rcc_isr                                           /home/luis7/Downloads/libopencm3-examples-master/libopencm3/lib/libopencm3_stm32f4.a(vector.o)
rcc_osc_bypass_disable                            /home/luis7/Downloads/libopencm3-examples-master/libopencm3/lib/libopencm3_stm32f4.a(rcc_common_all.o)
rcc_osc_bypass_enable                             /home/luis7/Downloads/libopencm3-examples-master/libopencm3/lib/libopencm3_stm32f4.a(rcc_common_all.o)
rcc_osc_off                                       /home/luis7/Downloads/libopencm3-examples-master/libopencm3/lib/libopencm3_stm32f4.a(rcc.o)
rcc_osc_on                                        /home/luis7/Downloads/libopencm3-examples-master/libopencm3/lib/libopencm3_stm32f4.a(rcc.o)
rcc_osc_ready_int_clear                           /home/luis7/Downloads/libopencm3-examples-master/libopencm3/lib/libopencm3_stm32f4.a(rcc.o)
rcc_osc_ready_int_disable                         /home/luis7/Downloads/libopencm3-examples-master/libopencm3/lib/libopencm3_stm32f4.a(rcc.o)
rcc_osc_ready_int_enable                          /home/luis7/Downloads/libopencm3-examples-master/libopencm3/lib/libopencm3_stm32f4.a(rcc.o)
rcc_osc_ready_int_flag                            /home/luis7/Downloads/libopencm3-examples-master/libopencm3/lib/libopencm3_stm32f4.a(rcc.o)
rcc_periph_clock_disable                          /home/luis7/Downloads/libopencm3-examples-master/libopencm3/lib/libopencm3_stm32f4.a(rcc_common_all.o)
rcc_periph_clock_enable                           /home/luis7/Downloads/libopencm3-examples-master/libopencm3/lib/libopencm3_stm32f4.a(rcc_common_all.o)
                                                  /home/luis7/Downloads/libopencm3-examples-master/libopencm3/lib/libopencm3_stm32f4.a(rcc.o)
                                                  lcd-spi.o
                                                  console.o
                                                  sdram.o
rcc_periph_reset_hold                             /home/luis7/Downloads/libopencm3-examples-master/libopencm3/lib/libopencm3_stm32f4.a(rcc_common_all.o)
rcc_periph_reset_pulse                            /home/luis7/Downloads/libopencm3-examples-master/libopencm3/lib/libopencm3_stm32f4.a(rcc_common_all.o)
rcc_periph_reset_release                          /home/luis7/Downloads/libopencm3-examples-master/libopencm3/lib/libopencm3_stm32f4.a(rcc_common_all.o)
rcc_peripheral_clear_reset                        /home/luis7/Downloads/libopencm3-examples-master/libopencm3/lib/libopencm3_stm32f4.a(rcc_common_all.o)
rcc_peripheral_disable_clock                      /home/luis7/Downloads/libopencm3-examples-master/libopencm3/lib/libopencm3_stm32f4.a(rcc_common_all.o)
rcc_peripheral_enable_clock                       /home/luis7/Downloads/libopencm3-examples-master/libopencm3/lib/libopencm3_stm32f4.a(rcc_common_all.o)
rcc_peripheral_reset                              /home/luis7/Downloads/libopencm3-examples-master/libopencm3/lib/libopencm3_stm32f4.a(rcc_common_all.o)
rcc_plli2s_config                                 /home/luis7/Downloads/libopencm3-examples-master/libopencm3/lib/libopencm3_stm32f4.a(rcc.o)
rcc_pllsai_config                                 /home/luis7/Downloads/libopencm3-examples-master/libopencm3/lib/libopencm3_stm32f4.a(rcc.o)
rcc_pllsai_postscalers                            /home/luis7/Downloads/libopencm3-examples-master/libopencm3/lib/libopencm3_stm32f4.a(rcc.o)
rcc_set_hpre                                      /home/luis7/Downloads/libopencm3-examples-master/libopencm3/lib/libopencm3_stm32f4.a(rcc.o)
rcc_set_main_pll_hse                              /home/luis7/Downloads/libopencm3-examples-master/libopencm3/lib/libopencm3_stm32f4.a(rcc.o)
rcc_set_main_pll_hsi                              /home/luis7/Downloads/libopencm3-examples-master/libopencm3/lib/libopencm3_stm32f4.a(rcc.o)
rcc_set_mco                                       /home/luis7/Downloads/libopencm3-examples-master/libopencm3/lib/libopencm3_stm32f4.a(rcc_common_all.o)
rcc_set_pll_source                                /home/luis7/Downloads/libopencm3-examples-master/libopencm3/lib/libopencm3_stm32f4.a(rcc.o)
rcc_set_ppre1                                     /home/luis7/Downloads/libopencm3-examples-master/libopencm3/lib/libopencm3_stm32f4.a(rcc.o)
rcc_set_ppre2                                     /home/luis7/Downloads/libopencm3-examples-master/libopencm3/lib/libopencm3_stm32f4.a(rcc.o)
rcc_set_rtcpre                                    /home/luis7/Downloads/libopencm3-examples-master/libopencm3/lib/libopencm3_stm32f4.a(rcc.o)
rcc_set_sysclk_source                             /home/luis7/Downloads/libopencm3-examples-master/libopencm3/lib/libopencm3_stm32f4.a(rcc.o)
rcc_system_clock_source                           /home/luis7/Downloads/libopencm3-examples-master/libopencm3/lib/libopencm3_stm32f4.a(rcc.o)
rcc_wait_for_osc_ready                            /home/luis7/Downloads/libopencm3-examples-master/libopencm3/lib/libopencm3_stm32f4.a(rcc.o)
rcc_wait_for_sysclk_status                        /home/luis7/Downloads/libopencm3-examples-master/libopencm3/lib/libopencm3_stm32f4.a(rcc.o)
recv_buf                                          console.o
recv_ndx_cur                                      console.o
recv_ndx_nxt                                      console.o
reset_handler                                     /home/luis7/Downloads/libopencm3-examples-master/libopencm3/lib/libopencm3_stm32f4.a(vector.o)
rtc_alarm_isr                                     /home/luis7/Downloads/libopencm3-examples-master/libopencm3/lib/libopencm3_stm32f4.a(vector.o)
rtc_wkup_isr                                      /home/luis7/Downloads/libopencm3-examples-master/libopencm3/lib/libopencm3_stm32f4.a(vector.o)
sai1_isr                                          /home/luis7/Downloads/libopencm3-examples-master/libopencm3/lib/libopencm3_stm32f4.a(vector.o)
scb_reset_core                                    /home/luis7/Downloads/libopencm3-examples-master/libopencm3/lib/libopencm3_stm32f4.a(scb.o)
scb_reset_system                                  /home/luis7/Downloads/libopencm3-examples-master/libopencm3/lib/libopencm3_stm32f4.a(scb.o)
                                                  console.o
scb_set_priority_grouping                         /home/luis7/Downloads/libopencm3-examples-master/libopencm3/lib/libopencm3_stm32f4.a(scb.o)
sdio_isr                                          /home/luis7/Downloads/libopencm3-examples-master/libopencm3/lib/libopencm3_stm32f4.a(vector.o)
sdram_command                                     /home/luis7/Downloads/libopencm3-examples-master/libopencm3/lib/libopencm3_stm32f4.a(fmc_common_f47.o)
                                                  sdram.o
sdram_init                                        sdram.o
                                                  lcd-serial.o
sdram_timing                                      /home/luis7/Downloads/libopencm3-examples-master/libopencm3/lib/libopencm3_stm32f4.a(fmc_common_f47.o)
                                                  sdram.o
spi1_isr                                          /home/luis7/Downloads/libopencm3-examples-master/libopencm3/lib/libopencm3_stm32f4.a(vector.o)
spi2_isr                                          /home/luis7/Downloads/libopencm3-examples-master/libopencm3/lib/libopencm3_stm32f4.a(vector.o)
spi3_isr                                          /home/luis7/Downloads/libopencm3-examples-master/libopencm3/lib/libopencm3_stm32f4.a(vector.o)
spi4_isr                                          /home/luis7/Downloads/libopencm3-examples-master/libopencm3/lib/libopencm3_stm32f4.a(vector.o)
spi5_isr                                          /home/luis7/Downloads/libopencm3-examples-master/libopencm3/lib/libopencm3_stm32f4.a(vector.o)